Archive member included to satisfy reference by file (symbol)

/usr/lib/gcc/arm-none-eabi/13.2.1/../../../arm-none-eabi/lib/thumb/v7-m/nofp/libc_nano.a(libc_a-init.o)
                              /usr/lib/gcc/arm-none-eabi/13.2.1/../../../arm-none-eabi/lib/thumb/v7-m/nofp/crt0.o (__libc_init_array)
/usr/lib/gcc/arm-none-eabi/13.2.1/../../../arm-none-eabi/lib/thumb/v7-m/nofp/libc_nano.a(libc_a-memset.o)
                              /usr/lib/gcc/arm-none-eabi/13.2.1/../../../arm-none-eabi/lib/thumb/v7-m/nofp/crt0.o (memset)
/usr/lib/gcc/arm-none-eabi/13.2.1/../../../arm-none-eabi/lib/thumb/v7-m/nofp/libc_nano.a(libc_a-memcpy.o)
                              /workspaces/h/build/util.o (memcpy)
/usr/lib/gcc/arm-none-eabi/13.2.1/../../../arm-none-eabi/lib/thumb/v7-m/nofp/libc_nano.a(libc_a-exit.o)
                              /usr/lib/gcc/arm-none-eabi/13.2.1/../../../arm-none-eabi/lib/thumb/v7-m/nofp/crt0.o (exit)
/usr/lib/gcc/arm-none-eabi/13.2.1/../../../arm-none-eabi/lib/thumb/v7-m/nofp/libc_nano.a(libc_a-atexit.o)
                              /usr/lib/gcc/arm-none-eabi/13.2.1/../../../arm-none-eabi/lib/thumb/v7-m/nofp/crt0.o (atexit)
/usr/lib/gcc/arm-none-eabi/13.2.1/../../../arm-none-eabi/lib/thumb/v7-m/nofp/libc_nano.a(libc_a-snprintf.o)
                              /workspaces/h/build/main.o (snprintf)
/usr/lib/gcc/arm-none-eabi/13.2.1/../../../arm-none-eabi/lib/thumb/v7-m/nofp/libc_nano.a(libc_a-printf.o)
                              /workspaces/h/build/util.o (printf)
/usr/lib/gcc/arm-none-eabi/13.2.1/../../../arm-none-eabi/lib/thumb/v7-m/nofp/libc_nano.a(libc_a-nano-vfprintf.o)
                              /usr/lib/gcc/arm-none-eabi/13.2.1/../../../arm-none-eabi/lib/thumb/v7-m/nofp/libc_nano.a(libc_a-printf.o) (_vfprintf_r)
/usr/lib/gcc/arm-none-eabi/13.2.1/../../../arm-none-eabi/lib/thumb/v7-m/nofp/libc_nano.a(libc_a-fini.o)
                              /usr/lib/gcc/arm-none-eabi/13.2.1/../../../arm-none-eabi/lib/thumb/v7-m/nofp/crt0.o (__libc_fini_array)
/usr/lib/gcc/arm-none-eabi/13.2.1/../../../arm-none-eabi/lib/thumb/v7-m/nofp/libc_nano.a(libc_a-wbuf.o)
                              /usr/lib/gcc/arm-none-eabi/13.2.1/../../../arm-none-eabi/lib/thumb/v7-m/nofp/libc_nano.a(libc_a-nano-vfprintf.o) (__swbuf_r)
/usr/lib/gcc/arm-none-eabi/13.2.1/../../../arm-none-eabi/lib/thumb/v7-m/nofp/libc_nano.a(libc_a-impure.o)
                              /usr/lib/gcc/arm-none-eabi/13.2.1/../../../arm-none-eabi/lib/thumb/v7-m/nofp/libc_nano.a(libc_a-snprintf.o) (_impure_ptr)
/usr/lib/gcc/arm-none-eabi/13.2.1/../../../arm-none-eabi/lib/thumb/v7-m/nofp/libc_nano.a(libc_a-nano-svfprintf.o)
                              /usr/lib/gcc/arm-none-eabi/13.2.1/../../../arm-none-eabi/lib/thumb/v7-m/nofp/libc_nano.a(libc_a-snprintf.o) (_svfprintf_r)
/usr/lib/gcc/arm-none-eabi/13.2.1/../../../arm-none-eabi/lib/thumb/v7-m/nofp/libc_nano.a(libc_a-fvwrite.o)
                              /usr/lib/gcc/arm-none-eabi/13.2.1/../../../arm-none-eabi/lib/thumb/v7-m/nofp/libc_nano.a(libc_a-nano-vfprintf.o) (__sfvwrite_r)
/usr/lib/gcc/arm-none-eabi/13.2.1/../../../arm-none-eabi/lib/thumb/v7-m/nofp/libc_nano.a(libc_a-findfp.o)
                              /usr/lib/gcc/arm-none-eabi/13.2.1/../../../arm-none-eabi/lib/thumb/v7-m/nofp/libc_nano.a(libc_a-nano-vfprintf.o) (__sinit)
/usr/lib/gcc/arm-none-eabi/13.2.1/../../../arm-none-eabi/lib/thumb/v7-m/nofp/libc_nano.a(libc_a-fflush.o)
                              /usr/lib/gcc/arm-none-eabi/13.2.1/../../../arm-none-eabi/lib/thumb/v7-m/nofp/libc_nano.a(libc_a-wbuf.o) (_fflush_r)
/usr/lib/gcc/arm-none-eabi/13.2.1/../../../arm-none-eabi/lib/thumb/v7-m/nofp/libc_nano.a(libc_a-mallocr.o)
                              /usr/lib/gcc/arm-none-eabi/13.2.1/../../../arm-none-eabi/lib/thumb/v7-m/nofp/libc_nano.a(libc_a-nano-svfprintf.o) (_malloc_r)
/usr/lib/gcc/arm-none-eabi/13.2.1/../../../arm-none-eabi/lib/thumb/v7-m/nofp/libc_nano.a(libc_a-freer.o)
                              /usr/lib/gcc/arm-none-eabi/13.2.1/../../../arm-none-eabi/lib/thumb/v7-m/nofp/libc_nano.a(libc_a-nano-svfprintf.o) (_free_r)
/usr/lib/gcc/arm-none-eabi/13.2.1/../../../arm-none-eabi/lib/thumb/v7-m/nofp/libc_nano.a(libc_a-memmove.o)
                              /usr/lib/gcc/arm-none-eabi/13.2.1/../../../arm-none-eabi/lib/thumb/v7-m/nofp/libc_nano.a(libc_a-nano-svfprintf.o) (memmove)
/usr/lib/gcc/arm-none-eabi/13.2.1/../../../arm-none-eabi/lib/thumb/v7-m/nofp/libc_nano.a(libc_a-fwalk.o)
                              /usr/lib/gcc/arm-none-eabi/13.2.1/../../../arm-none-eabi/lib/thumb/v7-m/nofp/libc_nano.a(libc_a-findfp.o) (_fwalk_sglue)
/usr/lib/gcc/arm-none-eabi/13.2.1/../../../arm-none-eabi/lib/thumb/v7-m/nofp/libc_nano.a(libc_a-wsetup.o)
                              /usr/lib/gcc/arm-none-eabi/13.2.1/../../../arm-none-eabi/lib/thumb/v7-m/nofp/libc_nano.a(libc_a-nano-vfprintf.o) (__swsetup_r)
/usr/lib/gcc/arm-none-eabi/13.2.1/../../../arm-none-eabi/lib/thumb/v7-m/nofp/libc_nano.a(libc_a-__atexit.o)
[...]
Memory Configuration

Name             Origin             Length             Attributes
RAM              0x20000000         0x00008000         xrw
FLASH            0x08000000         0x00020000         xr
*default*        0x00000000         0xffffffff

Linker script and memory map

LOAD /usr/lib/gcc/arm-none-eabi/13.2.1/thumb/v7-m/nofp/crti.o
LOAD /usr/lib/gcc/arm-none-eabi/13.2.1/thumb/v7-m/nofp/crtbegin.o
LOAD /usr/lib/gcc/arm-none-eabi/13.2.1/../../../arm-none-eabi/lib/thumb/v7-m/nofp/crt0.o
LOAD /workspaces/h/build/stm32f1xx_hal_flash.o
LOAD /workspaces/h/build/stm32f1xx_hal_pwr.o
LOAD /workspaces/h/build/stm32f1xx_hal_rcc.o
LOAD /workspaces/h/build/stm32f1xx_hal_tim.o
LOAD /workspaces/h/build/stm32f1xx_hal_tim_ex.o
LOAD /workspaces/h/build/stm32f1xx_hal_gpio_ex.o
LOAD /workspaces/h/build/stm32f1xx_hal_adc_ex.o
LOAD /workspaces/h/build/stm32f1xx_hal_cortex.o
LOAD /workspaces/h/build/stm32f1xx_hal_flash_ex.o
LOAD /workspaces/h/build/stm32f1xx_hal_gpio.o
LOAD /workspaces/h/build/stm32f1xx_hal_rcc_ex.o
LOAD /workspaces/h/build/stm32f1xx_hal.o
LOAD /workspaces/h/build/stm32f1xx_hal_adc.o
LOAD /workspaces/h/build/stm32f1xx_hal_uart.o
LOAD /workspaces/h/build/stm32f1xx_hal_i2c.o
LOAD /workspaces/h/build/stm32f1xx_hal_dma.o
LOAD /workspaces/h/build/system_stm32f1xx.o
LOAD /workspaces/h/build/setup.o
LOAD /workspaces/h/build/control.o
LOAD /workspaces/h/build/comms.o
LOAD /workspaces/h/build/util.o
LOAD /workspaces/h/build/main.o
LOAD /workspaces/h/build/bldc.o
LOAD /workspaces/h/build/eeprom.o
LOAD /workspaces/h/build/hd44780.o
LOAD /workspaces/h/build/pcf8574.o
LOAD /workspaces/h/build/stm32f1xx_it.o
LOAD /workspaces/h/build/BLDC_controller_data.o
LOAD /workspaces/h/build/BLDC_controller.o
LOAD /workspaces/h/build/startup_stm32f103xb.o
LOAD /usr/lib/gcc/arm-none-eabi/13.2.1/../../../arm-none-eabi/lib/thumb/v7-m/nofp/libc_nano.a
LOAD /usr/lib/gcc/arm-none-eabi/13.2.1/../../../arm-none-eabi/lib/thumb/v7-m/nofp/libm.a
LOAD /usr/lib/gcc/arm-none-eabi/13.2.1/../../../arm-none-eabi/lib/thumb/v7-m/nofp/libnosys.a
START GROUP
LOAD /usr/lib/gcc/arm-none-eabi/13.2.1/thumb/v7-m/nofp/libgcc.a
LOAD /usr/lib/gcc/arm-none-eabi/13.2.1/../../../arm-none-eabi/lib/thumb/v7-m/nofp/libc_nano.a
END GROUP
START GROUP
LOAD /usr/lib/gcc/arm-none-eabi/13.2.1/thumb/v7-m/nofp/libgcc.a
LOAD /usr/lib/gcc/arm-none-eabi/13.2.1/../../../arm-none-eabi/lib/thumb/v7-m/nofp/libc_nano.a
END GROUP
LOAD /usr/lib/gcc/arm-none-eabi/13.2.1/thumb/v7-m/nofp/crtend.o
LOAD /usr/lib/gcc/arm-none-eabi/13.2.1/thumb/v7-m/nofp/crtn.o
                0x20008000                        _estack = 0x20008000
                0x00000200                        _Min_Heap_Size = 0x200
                0x00000400                        _Min_Stack_Size = 0x400

.isr_vector     0x08000000      0x15c
                0x08000000                        . = ALIGN (0x4)
 *(.isr_vector)
 .isr_vector    0x08000000      0x15c /workspaces/h/build/startup_stm32f103xb.o
                0x08000000                g_pfnVectors
                0x0800015c                        . = ALIGN (0x4)

.text           0x0800015c     0x7d50
                0x0800015c                        . = ALIGN (0x4)
 *(.text)
 .text          0x0800015c       0x88 /usr/lib/gcc/arm-none-eabi/13.2.1/thumb/v7-m/nofp/crtbegin.o
 .text          0x080001e4       0x50 /usr/lib/gcc/arm-none-eabi/13.2.1/../../../arm-none-eabi/lib/thumb/v7-m/nofp/libc_nano.a(libc_a-init.o)
                0x080001e4                __libc_init_array
 .text          0x08000234       0xa0 /usr/lib/gcc/arm-none-eabi/13.2.1/../../../arm-none-eabi/lib/thumb/v7-m/nofp/libc_nano.a(libc_a-memset.o)
                0x08000234                memset
 .text          0x080002d4       0xec /usr/lib/gcc/arm-none-eabi/13.2.1/../../../arm-none-eabi/lib/thumb/v7-m/nofp/libc_nano.a(libc_a-memcpy.o)
                0x080002d4                memcpy
 .text          0x080003c0      0x10c /usr/lib/gcc/arm-none-eabi/13.2.1/../../../arm-none-eabi/lib/thumb/v7-m/nofp/libc_nano.a(libc_a-snprintf.o)
                0x080003c0                _sniprintf_r
                0x080003c0                _snprintf_r
                0x08000440                snprintf
                0x08000440                sniprintf
 .text          0x080004cc       0x48 /usr/lib/gcc/arm-none-eabi/13.2.1/../../../arm-none-eabi/lib/thumb/v7-m/nofp/libc_nano.a(libc_a-printf.o)
                0x080004cc                _printf_r
                0x080004cc                _iprintf_r
                0x080004ec                printf
                0x080004ec                iprintf
 .text          0x08000514      0x2ec /usr/lib/gcc/arm-none-eabi/13.2.1/../../../arm-none-eabi/lib/thumb/v7-m/nofp/libc_nano.a(libc_a-nano-vfprintf.o)
                0x0800053c                __sfputs_r
                0x0800056c                __sprint_r
                0x0800058c                _vfiprintf_r
                0x0800058c                _vfprintf_r
                0x080007e4                vfiprintf
                0x080007e4                vfprintf
 .text          0x08000800       0x9c /usr/lib/gcc/arm-none-eabi/13.2.1/../../../arm-none-eabi/lib/thumb/v7-m/nofp/libc_nano.a(libc_a-wbuf.o)
                0x08000800                __swbuf_r
                0x08000888                __swbuf
 .text          0x0800089c      0x400 /usr/lib/gcc/arm-none-eabi/13.2.1/../../../arm-none-eabi/lib/thumb/v7-m/nofp/libc_nano.a(libc_a-nano-svfprintf.o)
                0x0800089c                __ssputs_r
                0x0800095c                __ssprint_r
                0x08000a6c                _svfprintf_r
                0x08000a6c                _svfiprintf_r
 .text          0x08000c9c      0x2ec /usr/lib/gcc/arm-none-eabi/13.2.1/../../../arm-none-eabi/lib/thumb/v7-m/nofp/libc_nano.a(libc_a-fvwrite.o)
                0x08000c9c                __sfvwrite_r
 .text          0x08000f88      0x224 /usr/lib/gcc/arm-none-eabi/13.2.1/../../../arm-none-eabi/lib/thumb/v7-m/nofp/libc_nano.a(libc_a-findfp.o)
                0x080010b8                __sfp
                0x0800115c                __sinit
                0x0800117c                __sfp_lock_acquire
                0x08001180                __sfp_lock_release
                0x08001184                __fp_lock_all
                0x08001198                __fp_unlock_all
 .text          0x080011ac      0x198 /usr/lib/gcc/arm-none-eabi/13.2.1/../../../arm-none-eabi/lib/thumb/v7-m/nofp/libc_nano.a(libc_a-fflush.o)
                0x080011ac                __sflush_r
                0x080012c0                _fflush_r
                0x080012f8                fflush
 .text          0x08001344      0x14c /usr/lib/gcc/arm-none-eabi/13.2.1/../../../arm-none-eabi/lib/thumb/v7-m/nofp/libc_nano.a(libc_a-mallocr.o)
                0x08001390                _malloc_r
 .text          0x08001490       0xbc /usr/lib/gcc/arm-none-eabi/13.2.1/../../../arm-none-eabi/lib/thumb/v7-m/nofp/libc_nano.a(libc_a-freer.o)
                0x08001490                _free_r
 .text          0x0800154c       0xfc /usr/lib/gcc/arm-none-eabi/13.2.1/../../../arm-none-eabi/lib/thumb/v7-m/nofp/libc_nano.a(libc_a-memmove.o)
                0x0800154c                memmove
 .text          0x08001648       0x44 /usr/lib/gcc/arm-none-eabi/13.2.1/../../../arm-none-eabi/lib/thumb/v7-m/nofp/libc_nano.a(libc_a-fwalk.o)
                0x08001648                _fwalk_sglue
 .text          0x0800168c       0xc4 /usr/lib/gcc/arm-none-eabi/13.2.1/../../../arm-none-eabi/lib/thumb/v7-m/nofp/libc_nano.a(libc_a-wsetup.o)
                0x0800168c                __swsetup_r
 .text          0x08001750       0x64 /usr/lib/gcc/arm-none-eabi/13.2.1/../../../arm-none-eabi/lib/thumb/v7-m/nofp/libc_nano.a(libc_a-reallocr.o)
                0x08001750                _realloc_r
 .text          0x080017b4      0x3a8 /usr/lib/gcc/arm-none-eabi/13.2.1/../../../arm-none-eabi/lib/thumb/v7-m/nofp/libc_nano.a(libc_a-nano-vfprintf_i.o)
                0x080017b4                _printf_common
                0x080018d8                _printf_i
 .text          0x08001b5c        0x8 /usr/lib/gcc/arm-none-eabi/13.2.1/../../../arm-none-eabi/lib/thumb/v7-m/nofp/libc_nano.a(libc_a-mlock.o)
                0x08001b5c                __malloc_lock
                0x08001b60                __malloc_unlock
 .text          0x08001b64      0x110 /usr/lib/gcc/arm-none-eabi/13.2.1/../../../arm-none-eabi/lib/thumb/v7-m/nofp/libc_nano.a(libc_a-makebuf.o)
                0x08001b64                __smakebuf_r
                0x08001c28                __swhatbuf_r
 .text          0x08001c74       0x98 /usr/lib/gcc/arm-none-eabi/13.2.1/../../../arm-none-eabi/lib/thumb/v7-m/nofp/libc_nano.a(libc_a-memchr-stub.o)
                0x08001c74                memchr
 .text          0x08001d0c       0x24 /usr/lib/gcc/arm-none-eabi/13.2.1/../../../arm-none-eabi/lib/thumb/v7-m/nofp/libc_nano.a(libc_a-isattyr.o)
                0x08001d0c                _isatty_r
 .text          0x08001d30       0x24 /usr/lib/gcc/arm-none-eabi/13.2.1/../../../arm-none-eabi/lib/thumb/v7-m/nofp/libc_nano.a(libc_a-sbrkr.o)
                0x08001d30                _sbrk_r
 .text          0x08001d54       0x94 /usr/lib/gcc/arm-none-eabi/13.2.1/../../../arm-none-eabi/lib/thumb/v7-m/nofp/libc_nano.a(libc_a-stdio.o)
                0x08001d54                __sread
                0x08001d78                __seofread
                0x08001d7c                __swrite
                0x08001dbc                __sseek
                0x08001de0                __sclose
 .text          0x08001de8       0x10 /usr/lib/gcc/arm-none-eabi/13.2.1/../../../arm-none-eabi/lib/thumb/v7-m/nofp/libc_nano.a(libc_a-msizer.o)
                0x08001de8                _malloc_usable_size_r
 .text          0x08001df8       0x24 /usr/lib/gcc/arm-none-eabi/13.2.1/../../../arm-none-eabi/lib/thumb/v7-m/nofp/libc_nano.a(libc_a-closer.o)
                0x08001df8                _close_r
 .text          0x08001e1c       0x2c /usr/lib/gcc/arm-none-eabi/13.2.1/../../../arm-none-eabi/lib/thumb/v7-m/nofp/libc_nano.a(libc_a-readr.o)
                0x08001e1c                _read_r
 .text          0x08001e48       0x28 /usr/lib/gcc/arm-none-eabi/13.2.1/../../../arm-none-eabi/lib/thumb/v7-m/nofp/libc_nano.a(libc_a-fstatr.o)
                0x08001e48                _fstat_r
 .text          0x08001e70       0x2c /usr/lib/gcc/arm-none-eabi/13.2.1/../../../arm-none-eabi/lib/thumb/v7-m/nofp/libc_nano.a(libc_a-lseekr.o)
                0x08001e70                _lseek_r
 .text          0x08001e9c       0x2c /usr/lib/gcc/arm-none-eabi/13.2.1/../../../arm-none-eabi/lib/thumb/v7-m/nofp/libc_nano.a(libc_a-writer.o)
                0x08001e9c                _write_r
 .text          0x08001ec8       0x10 /usr/lib/gcc/arm-none-eabi/13.2.1/../../../arm-none-eabi/lib/thumb/v7-m/nofp/libnosys.a(close.o)
                0x08001ec8                _close
 .text          0x08001ed8       0x10 /usr/lib/gcc/arm-none-eabi/13.2.1/../../../arm-none-eabi/lib/thumb/v7-m/nofp/libnosys.a(fstat.o)
                0x08001ed8                _fstat
 .text          0x08001ee8       0x10 /usr/lib/gcc/arm-none-eabi/13.2.1/../../../arm-none-eabi/lib/thumb/v7-m/nofp/libnosys.a(isatty.o)
                0x08001ee8                _isatty
 .text          0x08001ef8       0x10 /usr/lib/gcc/arm-none-eabi/13.2.1/../../../arm-none-eabi/lib/thumb/v7-m/nofp/libnosys.a(lseek.o)
                0x08001ef8                _lseek
 .text          0x08001f08       0x10 /usr/lib/gcc/arm-none-eabi/13.2.1/../../../arm-none-eabi/lib/thumb/v7-m/nofp/libnosys.a(read.o)
                0x08001f08                _read
 .text          0x08001f18       0x1c /usr/lib/gcc/arm-none-eabi/13.2.1/../../../arm-none-eabi/lib/thumb/v7-m/nofp/libnosys.a(sbrk.o)
                0x08001f18                _sbrk
 .text          0x08001f34       0x10 /usr/lib/gcc/arm-none-eabi/13.2.1/../../../arm-none-eabi/lib/thumb/v7-m/nofp/libnosys.a(write.o)
                0x08001f34                _write
 *(.text*)
 .text.FLASH_Program_HalfWord
                0x08001f44       0x1c /workspaces/h/build/stm32f1xx_hal_flash.o
 .text.FLASH_SetErrorCode
                0x08001f60       0x70 /workspaces/h/build/stm32f1xx_hal_flash.o
 .text.HAL_FLASH_Unlock
                0x08001fd0       0x28 /workspaces/h/build/stm32f1xx_hal_flash.o
                0x08001fd0                HAL_FLASH_Unlock
 .text.HAL_FLASH_Lock
                0x08001ff8       0x14 /workspaces/h/build/stm32f1xx_hal_flash.o
                0x08001ff8                HAL_FLASH_Lock
 .text.FLASH_WaitForLastOperation
                0x0800200c       0x68 /workspaces/h/build/stm32f1xx_hal_flash.o
                0x0800200c                FLASH_WaitForLastOperation
 .text.HAL_FLASH_Program
                0x08002074       0xa0 /workspaces/h/build/stm32f1xx_hal_flash.o
                0x08002074                HAL_FLASH_Program
 .text.HAL_RCC_GetHCLKFreq
                0x08002114        0xc /workspaces/h/build/stm32f1xx_hal_rcc.o
                0x08002114                HAL_RCC_GetHCLKFreq
 .text.HAL_RCC_GetPCLK1Freq
                0x08002120       0x20 /workspaces/h/build/stm32f1xx_hal_rcc.o
                0x08002120                HAL_RCC_GetPCLK1Freq
 .text.HAL_RCC_GetPCLK2Freq
                0x08002140       0x20 /workspaces/h/build/stm32f1xx_hal_rcc.o
                0x08002140                HAL_RCC_GetPCLK2Freq
 .text.TIM_OC1_SetConfig
                0x08002160       0x70 /workspaces/h/build/stm32f1xx_hal_tim.o
 .text.TIM_OC3_SetConfig
                0x080021d0       0x70 /workspaces/h/build/stm32f1xx_hal_tim.o
 .text.TIM_OC4_SetConfig
                0x08002240       0x50 /workspaces/h/build/stm32f1xx_hal_tim.o
 .text.TIM_TI1_ConfigInputStage
                0x08002290       0x24 /workspaces/h/build/stm32f1xx_hal_tim.o
 .text.TIM_TI2_ConfigInputStage
                0x080022b4       0x26 /workspaces/h/build/stm32f1xx_hal_tim.o
 .text.TIM_ETR_SetConfig
                0x080022da       0x18 /workspaces/h/build/stm32f1xx_hal_tim.o
 .text.TIM_SlaveTimer_SetConfig
                0x080022f2       0x74 /workspaces/h/build/stm32f1xx_hal_tim.o
 .text.HAL_TIM_PWM_MspInit
                0x08002366        0x2 /workspaces/h/build/stm32f1xx_hal_tim.o
                0x08002366                HAL_TIM_PWM_MspInit
 .text.HAL_TIM_SlaveConfigSynchronization
                0x08002368       0x40 /workspaces/h/build/stm32f1xx_hal_tim.o
                0x08002368                HAL_TIM_SlaveConfigSynchronization
 .text.TIM_Base_SetConfig
                0x080023a8       0x98 /workspaces/h/build/stm32f1xx_hal_tim.o
                0x080023a8                TIM_Base_SetConfig
 .text.HAL_TIM_PWM_Init
                0x08002440       0x34 /workspaces/h/build/stm32f1xx_hal_tim.o
                0x08002440                HAL_TIM_PWM_Init
 .text.TIM_OC2_SetConfig
                0x08002474       0x70 /workspaces/h/build/stm32f1xx_hal_tim.o
                0x08002474                TIM_OC2_SetConfig
 .text.HAL_TIM_PWM_ConfigChannel
                0x080024e4       0xdc /workspaces/h/build/stm32f1xx_hal_tim.o
                0x080024e4                HAL_TIM_PWM_ConfigChannel
 .text.TIM_CCxChannelCmd
                0x080025c0       0x1a /workspaces/h/build/stm32f1xx_hal_tim.o
                0x080025c0                TIM_CCxChannelCmd
 *fill*         0x080025da        0x2 
 .text.HAL_TIM_PWM_Start
                0x080025dc       0x38 /workspaces/h/build/stm32f1xx_hal_tim.o
                0x080025dc                HAL_TIM_PWM_Start
 .text.TIM_CCxNChannelCmd
                0x08002614       0x1a /workspaces/h/build/stm32f1xx_hal_tim_ex.o
 .text.HAL_TIMEx_PWMN_Start
                0x0800262e       0x24 /workspaces/h/build/stm32f1xx_hal_tim_ex.o
                0x0800262e                HAL_TIMEx_PWMN_Start
 .text.HAL_TIMEx_ConfigBreakDeadTime
                0x08002652       0x52 /workspaces/h/build/stm32f1xx_hal_tim_ex.o
                0x08002652                HAL_TIMEx_ConfigBreakDeadTime
 .text.HAL_TIMEx_MasterConfigSynchronization
                0x080026a4       0x52 /workspaces/h/build/stm32f1xx_hal_tim_ex.o
                0x080026a4                HAL_TIMEx_MasterConfigSynchronization
 *fill*         0x080026f6        0x2 
 .text.HAL_ADCEx_MultiModeConfigChannel
                0x080026f8       0x60 /workspaces/h/build/stm32f1xx_hal_adc_ex.o
                0x080026f8                HAL_ADCEx_MultiModeConfigChannel
 .text.NVIC_SetPriority
                0x08002758       0x28 /workspaces/h/build/stm32f1xx_hal_cortex.o
 .text.NVIC_EncodePriority
                0x08002780       0x3e /workspaces/h/build/stm32f1xx_hal_cortex.o
 *fill*         0x080027be        0x2 
 .text.HAL_NVIC_SetPriorityGrouping
                0x080027c0       0x24 /workspaces/h/build/stm32f1xx_hal_cortex.o
                0x080027c0                HAL_NVIC_SetPriorityGrouping
 .text.HAL_NVIC_SetPriority
                0x080027e4       0x20 /workspaces/h/build/stm32f1xx_hal_cortex.o
                0x080027e4                HAL_NVIC_SetPriority
 .text.HAL_NVIC_EnableIRQ
                0x08002804       0x18 /workspaces/h/build/stm32f1xx_hal_cortex.o
                0x08002804                HAL_NVIC_EnableIRQ
 .text.HAL_SYSTICK_Config
                0x0800281c       0x28 /workspaces/h/build/stm32f1xx_hal_cortex.o
                0x0800281c                HAL_SYSTICK_Config
 .text.HAL_SYSTICK_Callback
                0x08002844        0x2 /workspaces/h/build/stm32f1xx_hal_cortex.o
                0x08002844                HAL_SYSTICK_Callback
 .text.HAL_SYSTICK_IRQHandler
                0x08002846        0x8 /workspaces/h/build/stm32f1xx_hal_cortex.o
                0x08002846                HAL_SYSTICK_IRQHandler
 *fill*         0x0800284e        0x2 
 .text.FLASH_MassErase
                0x08002850       0x24 /workspaces/h/build/stm32f1xx_hal_flash_ex.o
 .text.FLASH_PageErase
                0x08002874       0x24 /workspaces/h/build/stm32f1xx_hal_flash_ex.o
                0x08002874                FLASH_PageErase
 .text.HAL_FLASHEx_Erase
                0x08002898       0xa4 /workspaces/h/build/stm32f1xx_hal_flash_ex.o
                0x08002898                HAL_FLASHEx_Erase
 .text.HAL_GPIO_Init
                0x0800293c      0x238 /workspaces/h/build/stm32f1xx_hal_gpio.o
                0x0800293c                HAL_GPIO_Init
 .text.HAL_GPIO_ReadPin
                0x08002b74        0xe /workspaces/h/build/stm32f1xx_hal_gpio.o
                0x08002b74                HAL_GPIO_ReadPin
 .text.HAL_GPIO_WritePin
                0x08002b82        0xc /workspaces/h/build/stm32f1xx_hal_gpio.o
                0x08002b82                HAL_GPIO_WritePin
 .text.HAL_GPIO_TogglePin
                0x08002b8e        0x8 /workspaces/h/build/stm32f1xx_hal_gpio.o
                0x08002b8e                HAL_GPIO_TogglePin
 .text.HAL_MspInit
                0x08002b96        0x2 /workspaces/h/build/stm32f1xx_hal.o
                0x08002b96                HAL_MspInit
 .text.HAL_InitTick
                0x08002b98       0x2c /workspaces/h/build/stm32f1xx_hal.o
                0x08002b98                HAL_InitTick
 .text.HAL_Init
                0x08002bc4       0x24 /workspaces/h/build/stm32f1xx_hal.o
                0x08002bc4                HAL_Init
 .text.HAL_IncTick
                0x08002be8       0x10 /workspaces/h/build/stm32f1xx_hal.o
                0x08002be8                HAL_IncTick
 .text.HAL_GetTick
                0x08002bf8        0xc /workspaces/h/build/stm32f1xx_hal.o
                0x08002bf8                HAL_GetTick
 .text.HAL_Delay
                0x08002c04       0x24 /workspaces/h/build/stm32f1xx_hal.o
                0x08002c04                HAL_Delay
 .text.HAL_ADC_MspInit
                0x08002c28        0x2 /workspaces/h/build/stm32f1xx_hal_adc.o
                0x08002c28                HAL_ADC_MspInit
 *fill*         0x08002c2a        0x2 
 .text.HAL_ADC_ConfigChannel
                0x08002c2c      0x140 /workspaces/h/build/stm32f1xx_hal_adc.o
                0x08002c2c                HAL_ADC_ConfigChannel
 .text.ADC_Enable
                0x08002d6c       0x80 /workspaces/h/build/stm32f1xx_hal_adc.o
                0x08002d6c                ADC_Enable
 .text.HAL_ADC_Start
                0x08002dec       0xe8 /workspaces/h/build/stm32f1xx_hal_adc.o
                0x08002dec                HAL_ADC_Start
 .text.ADC_ConversionStop_Disable
                0x08002ed4       0x4c /workspaces/h/build/stm32f1xx_hal_adc.o
                0x08002ed4                ADC_ConversionStop_Disable
 .text.HAL_ADC_Init
                0x08002f20      0x124 /workspaces/h/build/stm32f1xx_hal_adc.o
                0x08002f20                HAL_ADC_Init
 .text.UART_EndTxTransfer
                0x08003044       0x12 /workspaces/h/build/stm32f1xx_hal_uart.o
 .text.UART_EndRxTransfer
                0x08003056       0x1c /workspaces/h/build/stm32f1xx_hal_uart.o
 .text.UART_Transmit_IT
                0x08003072       0x66 /workspaces/h/build/stm32f1xx_hal_uart.o
 .text.UART_SetConfig
                0x080030d8      0x1a4 /workspaces/h/build/stm32f1xx_hal_uart.o
 .text.HAL_UART_Init
                0x0800327c       0x5e /workspaces/h/build/stm32f1xx_hal_uart.o
                0x0800327c                HAL_UART_Init
 *fill*         0x080032da        0x2 
 .text.HAL_UART_Transmit_DMA
                0x080032dc       0x8c /workspaces/h/build/stm32f1xx_hal_uart.o
                0x080032dc                HAL_UART_Transmit_DMA
 .text.HAL_UART_Receive_DMA
                0x08003368       0xa8 /workspaces/h/build/stm32f1xx_hal_uart.o
                0x08003368                HAL_UART_Receive_DMA
 .text.HAL_UART_TxCpltCallback
                0x08003410        0x2 /workspaces/h/build/stm32f1xx_hal_uart.o
                0x08003410                HAL_UART_TxCpltCallback
 .text.UART_DMATransmitCplt
                0x08003412       0x30 /workspaces/h/build/stm32f1xx_hal_uart.o
 .text.UART_EndTransmit_IT
                0x08003442       0x1a /workspaces/h/build/stm32f1xx_hal_uart.o
 .text.HAL_UART_TxHalfCpltCallback
                0x0800345c        0x2 /workspaces/h/build/stm32f1xx_hal_uart.o
                0x0800345c                HAL_UART_TxHalfCpltCallback
 .text.UART_DMATxHalfCplt
                0x0800345e        0xa /workspaces/h/build/stm32f1xx_hal_uart.o
 .text.HAL_UART_RxCpltCallback
                0x08003468        0x2 /workspaces/h/build/stm32f1xx_hal_uart.o
                0x08003468                HAL_UART_RxCpltCallback
 .text.UART_DMAReceiveCplt
                0x0800346a       0x3e /workspaces/h/build/stm32f1xx_hal_uart.o
 .text.UART_Receive_IT
                0x080034a8       0x9e /workspaces/h/build/stm32f1xx_hal_uart.o
 .text.HAL_UART_RxHalfCpltCallback
                0x08003546        0x2 /workspaces/h/build/stm32f1xx_hal_uart.o
                0x08003546                HAL_UART_RxHalfCpltCallback
 .text.UART_DMARxHalfCplt
                0x08003548        0xa /workspaces/h/build/stm32f1xx_hal_uart.o
 .text.HAL_UART_ErrorCallback
                0x08003552        0x2 /workspaces/h/build/stm32f1xx_hal_uart.o
                0x08003552                HAL_UART_ErrorCallback
 .text.UART_DMAError
                0x08003554       0x58 /workspaces/h/build/stm32f1xx_hal_uart.o
 .text.HAL_UART_IRQHandler
                0x080035ac      0x11c /workspaces/h/build/stm32f1xx_hal_uart.o
                0x080035ac                HAL_UART_IRQHandler
 .text.UART_DMAAbortOnError
                0x080036c8       0x10 /workspaces/h/build/stm32f1xx_hal_uart.o
 .text.DMA_SetConfig
                0x080036d8       0x2c /workspaces/h/build/stm32f1xx_hal_dma.o
 .text.HAL_DMA_Init
                0x08003704       0x9c /workspaces/h/build/stm32f1xx_hal_dma.o
                0x08003704                HAL_DMA_Init
 .text.HAL_DMA_Start_IT
                0x080037a0       0x74 /workspaces/h/build/stm32f1xx_hal_dma.o
                0x080037a0                HAL_DMA_Start_IT
 .text.HAL_DMA_Abort_IT
                0x08003814      0x168 /workspaces/h/build/stm32f1xx_hal_dma.o
                0x08003814                HAL_DMA_Abort_IT
 .text.HAL_DMA_IRQHandler
                0x0800397c      0x2ec /workspaces/h/build/stm32f1xx_hal_dma.o
                0x0800397c                HAL_DMA_IRQHandler
 .text.SystemInit
                0x08003c68       0x4c /workspaces/h/build/system_stm32f1xx.o
                0x08003c68                SystemInit
 .text.UART3_Init
                0x08003cb4       0x6c /workspaces/h/build/setup.o
                0x08003cb4                UART3_Init
 .text.HAL_UART_MspInit
                0x08003d20      0x1c8 /workspaces/h/build/setup.o
                0x08003d20                HAL_UART_MspInit
 .text.MX_GPIO_Init
                0x08003ee8      0x22c /workspaces/h/build/setup.o
                0x08003ee8                MX_GPIO_Init
 .text.MX_TIM_Init
                0x08004114      0x208 /workspaces/h/build/setup.o
                0x08004114                MX_TIM_Init
 .text.MX_ADC1_Init
                0x0800431c      0x130 /workspaces/h/build/setup.o
                0x0800431c                MX_ADC1_Init
 .text.MX_ADC2_Init
                0x0800444c       0xb0 /workspaces/h/build/setup.o
                0x0800444c                MX_ADC2_Init
 .text.BLDC_Init
                0x080044fc       0xac /workspaces/h/build/util.o
                0x080044fc                BLDC_Init
 .text.Input_Lim_Init
                0x080045a8       0x44 /workspaces/h/build/util.o
                0x080045a8                Input_Lim_Init
 .text.UART_DisableRxErrors
                0x080045ec       0x16 /workspaces/h/build/util.o
                0x080045ec                UART_DisableRxErrors
 *fill*         0x08004602        0x2 
 .text.poweronMelody
                0x08004604       0x2c /workspaces/h/build/util.o
                0x08004604                poweronMelody
 .text.beepCount
                0x08004630       0x1c /workspaces/h/build/util.o
                0x08004630                beepCount
 .text.beepLong
                0x0800464c       0x20 /workspaces/h/build/util.o
                0x0800464c                beepLong
 .text.beepShort
                0x0800466c       0x20 /workspaces/h/build/util.o
                0x0800466c                beepShort
 .text.calcAvgSpeed
                0x0800468c       0x40 /workspaces/h/build/util.o
                0x0800468c                calcAvgSpeed
 .text.cruiseControl
                0x080046cc        0x2 /workspaces/h/build/util.o
                0x080046cc                cruiseControl
 *fill*         0x080046ce        0x2 
 .text.checkInputType
                0x080046d0       0x70 /workspaces/h/build/util.o
                0x080046d0                checkInputType
 .text.Input_Init
                0x08004740      0x240 /workspaces/h/build/util.o
                0x08004740                Input_Init
 .text.calcInputCmd
                0x08004980       0xaa /workspaces/h/build/util.o
                0x08004980                calcInputCmd
 *fill*         0x08004a2a        0x2 
 .text.readInputRaw
                0x08004a2c       0x60 /workspaces/h/build/util.o
                0x08004a2c                readInputRaw
 .text.handleTimeout
                0x08004a8c      0x12c /workspaces/h/build/util.o
                0x08004a8c                handleTimeout
 .text.readCommand
                0x08004bb8       0xa0 /workspaces/h/build/util.o
                0x08004bb8                readCommand
 .text.get_usart3_rx_latest
                0x08004c58       0x1c /workspaces/h/build/util.o
                0x08004c58                get_usart3_rx_latest
 .text.usart_process_command
                0x08004c74       0x50 /workspaces/h/build/util.o
                0x08004c74                usart_process_command
 .text.usart3_rx_check
                0x08004cc4       0xd8 /workspaces/h/build/util.o
                0x08004cc4                usart3_rx_check
 .text.sideboardLeds
                0x08004d9c        0x2 /workspaces/h/build/util.o
                0x08004d9c                sideboardLeds
 *fill*         0x08004d9e        0x2 
 .text.saveConfig
                0x08004da0      0x100 /workspaces/h/build/util.o
                0x08004da0                saveConfig
 .text.poweroff
                0x08004ea0       0x48 /workspaces/h/build/util.o
                0x08004ea0                poweroff
 .text.filtLowPass32
                0x08004ee8       0x46 /workspaces/h/build/util.o
                0x08004ee8                filtLowPass32
 *fill*         0x08004f2e        0x2 
 .text.adcCalibLim
                0x08004f30      0x180 /workspaces/h/build/util.o
                0x08004f30                adcCalibLim
 .text.updateCurSpdLim
                0x080050b0      0x170 /workspaces/h/build/util.o
                0x080050b0                updateCurSpdLim
 .text.poweroffPressCheck
                0x08005220       0xa0 /workspaces/h/build/util.o
                0x08005220                poweroffPressCheck
 .text.rateLimiter16
                0x080052c0       0x1e /workspaces/h/build/util.o
                0x080052c0                rateLimiter16
 *fill*         0x080052de        0x2 
 .text.mixerFcn
                0x080052e0       0x7c /workspaces/h/build/util.o
                0x080052e0                mixerFcn
 .text.multipleTapDet
                0x0800535c       0x76 /workspaces/h/build/util.o
                0x0800535c                multipleTapDet
 *fill*         0x080053d2        0x2 
 .text.main     0x080053d4      0x888 /workspaces/h/build/main.o
                0x080053d4                main
 .text.DMA1_Channel1_IRQHandler
                0x08005c5c      0x504 /workspaces/h/build/bldc.o
                0x08005c5c                DMA1_Channel1_IRQHandler
 .text.EE_VerifyPageFullyErased
                0x08006160       0x24 /workspaces/h/build/eeprom.o
 .text.EE_FindValidPage
                0x08006184       0x50 /workspaces/h/build/eeprom.o
 .text.EE_VerifyPageFullWriteVariable
                0x080061d4       0x54 /workspaces/h/build/eeprom.o
 .text.EE_Format
                0x08006228       0x60 /workspaces/h/build/eeprom.o
 .text.EE_ReadVariable
                0x08006288       0x48 /workspaces/h/build/eeprom.o
                0x08006288                EE_ReadVariable
 .text.EE_Init  0x080062d0      0x250 /workspaces/h/build/eeprom.o
                0x080062d0                EE_Init
 .text.EE_PageTransfer
                0x08006520       0xc4 /workspaces/h/build/eeprom.o
 .text.EE_WriteVariable
                0x080065e4       0x1a /workspaces/h/build/eeprom.o
                0x080065e4                EE_WriteVariable
 .text.NMI_Handler
                0x080065fe        0x2 /workspaces/h/build/stm32f1xx_it.o
                0x080065fe                NMI_Handler
 .text.HardFault_Handler
                0x08006600        0x2 /workspaces/h/build/stm32f1xx_it.o
                0x08006600                HardFault_Handler
 .text.MemManage_Handler
                0x08006602        0x2 /workspaces/h/build/stm32f1xx_it.o
                0x08006602                MemManage_Handler
 .text.BusFault_Handler
                0x08006604        0x2 /workspaces/h/build/stm32f1xx_it.o
                0x08006604                BusFault_Handler
 .text.UsageFault_Handler
                0x08006606        0x2 /workspaces/h/build/stm32f1xx_it.o
                0x08006606                UsageFault_Handler
 .text.SVC_Handler
                0x08006608        0x2 /workspaces/h/build/stm32f1xx_it.o
                0x08006608                SVC_Handler
 .text.DebugMon_Handler
                0x0800660a        0x2 /workspaces/h/build/stm32f1xx_it.o
                0x0800660a                DebugMon_Handler
 .text.PendSV_Handler
                0x0800660c        0x2 /workspaces/h/build/stm32f1xx_it.o
                0x0800660c                PendSV_Handler
 .text.SysTick_Handler
                0x0800660e        0xc /workspaces/h/build/stm32f1xx_it.o
                0x0800660e                SysTick_Handler
 *fill*         0x0800661a        0x2 
 .text.DMA1_Channel2_IRQHandler
                0x0800661c       0x10 /workspaces/h/build/stm32f1xx_it.o
                0x0800661c                DMA1_Channel2_IRQHandler
 .text.DMA1_Channel3_IRQHandler
                0x0800662c       0x10 /workspaces/h/build/stm32f1xx_it.o
                0x0800662c                DMA1_Channel3_IRQHandler
 .text.USART3_IRQHandler
                0x0800663c       0x34 /workspaces/h/build/stm32f1xx_it.o
                0x0800663c                USART3_IRQHandler
 .text.plook_u8s16_evencka
                0x08006670       0x1c /workspaces/h/build/BLDC_controller.o
                0x08006670                plook_u8s16_evencka
 .text.plook_u8u16_evencka
                0x0800668c       0x1c /workspaces/h/build/BLDC_controller.o
                0x0800668c                plook_u8u16_evencka
 .text.div_nde_s32_floor
                0x080066a8       0x22 /workspaces/h/build/BLDC_controller.o
                0x080066a8                div_nde_s32_floor
 .text.Counter_Init
                0x080066ca        0x4 /workspaces/h/build/BLDC_controller.o
                0x080066ca                Counter_Init
 .text.Counter  0x080066ce       0x1a /workspaces/h/build/BLDC_controller.o
                0x080066ce                Counter
 .text.Low_Pass_Filter_Reset
                0x080066e8        0x8 /workspaces/h/build/BLDC_controller.o
                0x080066e8                Low_Pass_Filter_Reset
 .text.Low_Pass_Filter
                0x080066f0       0x5c /workspaces/h/build/BLDC_controller.o
                0x080066f0                Low_Pass_Filter
 .text.Counter_b_Init
                0x0800674c        0x4 /workspaces/h/build/BLDC_controller.o
                0x0800674c                Counter_b_Init
 .text.Counter_n
                0x08006750       0x20 /workspaces/h/build/BLDC_controller.o
                0x08006750                Counter_n
 .text.either_edge
                0x08006770        0xe /workspaces/h/build/BLDC_controller.o
                0x08006770                either_edge
 .text.Debounce_Filter_Init
                0x0800677e       0x16 /workspaces/h/build/BLDC_controller.o
                0x0800677e                Debounce_Filter_Init
 .text.Debounce_Filter
                0x08006794       0x8c /workspaces/h/build/BLDC_controller.o
                0x08006794                Debounce_Filter
 .text.I_backCalc_fixdt_Init
                0x08006820        0x4 /workspaces/h/build/BLDC_controller.o
                0x08006820                I_backCalc_fixdt_Init
 .text.I_backCalc_fixdt_Reset
                0x08006824        0x8 /workspaces/h/build/BLDC_controller.o
                0x08006824                I_backCalc_fixdt_Reset
 .text.I_backCalc_fixdt
                0x0800682c       0x72 /workspaces/h/build/BLDC_controller.o
                0x0800682c                I_backCalc_fixdt
 .text.PI_clamp_fixdt_Init
                0x0800689e        0x6 /workspaces/h/build/BLDC_controller.o
                0x0800689e                PI_clamp_fixdt_Init
 .text.PI_clamp_fixdt_Reset
                0x080068a4        0xa /workspaces/h/build/BLDC_controller.o
                0x080068a4                PI_clamp_fixdt_Reset
 *fill*         0x080068ae        0x2 
 .text.PI_clamp_fixdt
                0x080068b0       0xf4 /workspaces/h/build/BLDC_controller.o
                0x080068b0                PI_clamp_fixdt
 .text.PI_clamp_fixdt_d_Init
                0x080069a4        0x6 /workspaces/h/build/BLDC_controller.o
                0x080069a4                PI_clamp_fixdt_d_Init
 .text.PI_clamp_fixdt_b_Reset
                0x080069aa        0xa /workspaces/h/build/BLDC_controller.o
                0x080069aa                PI_clamp_fixdt_b_Reset
 .text.PI_clamp_fixdt_l
                0x080069b4       0xf8 /workspaces/h/build/BLDC_controller.o
                0x080069b4                PI_clamp_fixdt_l
 .text.PI_clamp_fixdt_f_Init
                0x08006aac        0x6 /workspaces/h/build/BLDC_controller.o
                0x08006aac                PI_clamp_fixdt_f_Init
 .text.PI_clamp_fixdt_g_Reset
                0x08006ab2        0xa /workspaces/h/build/BLDC_controller.o
                0x08006ab2                PI_clamp_fixdt_g_Reset
 .text.PI_clamp_fixdt_k
                0x08006abc      0x108 /workspaces/h/build/BLDC_controller.o
                0x08006abc                PI_clamp_fixdt_k
 .text.BLDC_controller_step
                0x08006bc4     0x11bc /workspaces/h/build/BLDC_controller.o
                0x08006bc4                BLDC_controller_step
 .text.BLDC_controller_initialize
                0x08007d80       0xc0 /workspaces/h/build/BLDC_controller.o
                0x08007d80                BLDC_controller_initialize
 .text.Reset_Handler
                0x08007e40       0x50 /workspaces/h/build/startup_stm32f103xb.o
                0x08007e40                Reset_Handler
 .text.Default_Handler
                0x08007e90        0x2 /workspaces/h/build/startup_stm32f103xb.o
                0x08007e90                RTC_Alarm_IRQHandler
                0x08007e90                EXTI2_IRQHandler
                0x08007e90                TIM1_CC_IRQHandler
                0x08007e90                PVD_IRQHandler
                0x08007e90                EXTI3_IRQHandler
                0x08007e90                EXTI0_IRQHandler
                0x08007e90                I2C2_EV_IRQHandler
                0x08007e90                ADC1_2_IRQHandler
                0x08007e90                SPI1_IRQHandler
                0x08007e90                TAMPER_IRQHandler
                0x08007e90                DMA1_Channel4_IRQHandler
                0x08007e90                RTC_IRQHandler
                0x08007e90                DMA1_Channel7_IRQHandler
                0x08007e90                CAN1_RX1_IRQHandler
                0x08007e90                TIM4_IRQHandler
                0x08007e90                I2C1_EV_IRQHandler
                0x08007e90                DMA1_Channel6_IRQHandler
                0x08007e90                TIM3_IRQHandler
                0x08007e90                RCC_IRQHandler
                0x08007e90                TIM1_TRG_COM_IRQHandler
                0x08007e90                Default_Handler
                0x08007e90                EXTI15_10_IRQHandler
                0x08007e90                EXTI9_5_IRQHandler
                0x08007e90                SPI2_IRQHandler
                0x08007e90                DMA1_Channel5_IRQHandler
                0x08007e90                EXTI4_IRQHandler
                0x08007e90                USB_LP_CAN1_RX0_IRQHandler
                0x08007e90                USB_HP_CAN1_TX_IRQHandler
                0x08007e90                TIM1_UP_IRQHandler
                0x08007e90                WWDG_IRQHandler
                0x08007e90                TIM2_IRQHandler
                0x08007e90                TIM1_BRK_IRQHandler
                0x08007e90                EXTI1_IRQHandler
                0x08007e90                USART2_IRQHandler
                0x08007e90                I2C2_ER_IRQHandler
                0x08007e90                CAN1_SCE_IRQHandler
                0x08007e90                FLASH_IRQHandler
                0x08007e90                USART1_IRQHandler
                0x08007e90                I2C1_ER_IRQHandler
                0x08007e90                USBWakeUp_IRQHandler
 *(.glue_7)
 .glue_7        0x08007e92        0x0 linker stubs
 *(.glue_7t)
 .glue_7t       0x08007e92        0x0 linker stubs
 *(.eh_frame)
 *fill*         0x08007e92        0x2 
 .eh_frame      0x08007e94        0x0 /usr/lib/gcc/arm-none-eabi/13.2.1/thumb/v7-m/nofp/crtbegin.o
 *(.init)
 .init          0x08007e94        0x4 /usr/lib/gcc/arm-none-eabi/13.2.1/thumb/v7-m/nofp/crti.o
                0x08007e94                _init
 .init          0x08007e98        0x8 /usr/lib/gcc/arm-none-eabi/13.2.1/thumb/v7-m/nofp/crtn.o
 *(.fini)
 .fini          0x08007ea0        0x4 /usr/lib/gcc/arm-none-eabi/13.2.1/thumb/v7-m/nofp/crti.o
                0x08007ea0                _fini
 .fini          0x08007ea4        0x8 /usr/lib/gcc/arm-none-eabi/13.2.1/thumb/v7-m/nofp/crtn.o
                0x08007eac                        . = ALIGN (0x4)
                0x08007eac                        _etext = .

.vfp11_veneer   0x08007eac        0x0
 .vfp11_veneer  0x08007eac        0x0 linker stubs

.v4_bx          0x08007eac        0x0
 .v4_bx         0x08007eac        0x0 linker stubs

.iplt           0x08007eac        0x0
 .iplt          0x08007eac        0x0 /usr/lib/gcc/arm-none-eabi/13.2.1/thumb/v7-m/nofp/crtbegin.o

.rodata         0x08007eac      0x89c
                0x08007eac                        . = ALIGN (0x4)
 *(.rodata)
 *(.rodata*)
 .rodata.APBPrescTable
                0x08007eac        0x8 /workspaces/h/build/system_stm32f1xx.o
                0x08007eac                APBPrescTable
 .rodata.Input_Init.str1.4
                0x08007eb4       0xf9 /workspaces/h/build/util.o
                                 0x59 (size before relaxing)
 *fill*         0x08007fad        0x3 
 .rodata.rtM_Right
                0x08007fb0        0x4 /workspaces/h/build/util.o
                0x08007fb0                rtM_Right
 .rodata.rtM_Left
                0x08007fb4        0x4 /workspaces/h/build/util.o
                0x08007fb4                rtM_Left
 .rodata.main.str1.4
                0x08007fb8       0x61 /workspaces/h/build/main.o
 .rodata.rtConstP
                0x08007fb8      0x790 /workspaces/h/build/BLDC_controller_data.o
                0x08007fb8                rtConstP
 .rodata.str1.4
                0x08008748       0x13 /usr/lib/gcc/arm-none-eabi/13.2.1/../../../arm-none-eabi/lib/thumb/v7-m/nofp/libc_nano.a(libc_a-nano-vfprintf.o)
 .rodata.str1.4
                0x08008748       0x13 /usr/lib/gcc/arm-none-eabi/13.2.1/../../../arm-none-eabi/lib/thumb/v7-m/nofp/libc_nano.a(libc_a-nano-svfprintf.o)
 .rodata.str1.4
                0x08008748       0x25 /usr/lib/gcc/arm-none-eabi/13.2.1/../../../arm-none-eabi/lib/thumb/v7-m/nofp/libc_nano.a(libc_a-nano-vfprintf_i.o)
                0x08008770                        . = ALIGN (0x4)

.ARM.extab
 *(.ARM.extab* .gnu.linkonce.armextab.*)

.ARM            0x08008748        0x8
                0x08008748                        __exidx_start = .
 *(.ARM.exidx*)
 .ARM.exidx     0x08008748        0x8 /usr/lib/gcc/arm-none-eabi/13.2.1/../../../arm-none-eabi/lib/thumb/v7-m/nofp/libc_nano.a(libc_a-memcpy.o)
                0x08008750                        __exidx_end = .

.rel.dyn        0x08008750        0x0
 .rel.iplt      0x08008750        0x0 /usr/lib/gcc/arm-none-eabi/13.2.1/thumb/v7-m/nofp/crtbegin.o

.preinit_array  0x08008750        0x0
                0x08008750                        PROVIDE (__preinit_array_start = .)
 *(.preinit_array*)
                0x08008750                        PROVIDE (__preinit_array_end = .)

.init_array     0x08008750        0x4
                0x08008750                        PROVIDE (__init_array_start = .)
 *(SORT_BY_NAME(.init_array.*))
 *(.init_array*)
 .init_array    0x08008750        0x4 /usr/lib/gcc/arm-none-eabi/13.2.1/thumb/v7-m/nofp/crtbegin.o
                0x08008754                        PROVIDE (__init_array_end = .)

.fini_array     0x08008754        0x4
                0x08008754                        PROVIDE (__fini_array_start = .)
 *(SORT_BY_NAME(.fini_array.*))
 *(.fini_array*)
 .fini_array    0x08008754        0x4 /usr/lib/gcc/arm-none-eabi/13.2.1/thumb/v7-m/nofp/crtbegin.o
                0x08008758                        PROVIDE (__fini_array_end = .)
                0x08008758                        _sidata = LOADADDR (.data)

.data           0x20000000      0x1dc load address 0x08008758
                0x20000000                        . = ALIGN (0x4)
                0x20000000                        _sdata = .
 *(.data)
 .data          0x20000000       0x50 /usr/lib/gcc/arm-none-eabi/13.2.1/../../../arm-none-eabi/lib/thumb/v7-m/nofp/libc_nano.a(libc_a-impure.o)
                0x20000000                _impure_ptr
                0x20000004                _impure_data
 .data          0x20000050        0xc /usr/lib/gcc/arm-none-eabi/13.2.1/../../../arm-none-eabi/lib/thumb/v7-m/nofp/libc_nano.a(libc_a-findfp.o)
                0x20000050                __sglue
 *(.data*)
 .data.SystemCoreClock
                0x2000005c        0x4 /workspaces/h/build/system_stm32f1xx.o
                0x2000005c                SystemCoreClock
 .data.timeoutCntSerial_R
                0x20000060        0x2 /workspaces/h/build/util.o
 .data.timeoutCntADC
                0x20000062        0x2 /workspaces/h/build/util.o
 .data.VirtAddVarTab
                0x20000064       0x26 /workspaces/h/build/util.o
                0x20000064                VirtAddVarTab
 .data.ctrlModReq
                0x2000008a        0x1 /workspaces/h/build/util.o
                0x2000008a                ctrlModReq
 .data.ctrlModReqRaw
                0x2000008b        0x1 /workspaces/h/build/util.o
                0x2000008b                ctrlModReqRaw
 .data.input2   0x2000008c       0x1c /workspaces/h/build/util.o
                0x2000008c                input2
 .data.input1   0x200000a8       0x1c /workspaces/h/build/util.o
                0x200000a8                input1
 .data.rate     0x200000c4        0x2 /workspaces/h/build/main.o
 *fill*         0x200000c6        0x2 
 .data.batVoltageFixdt
                0x200000c8        0x4 /workspaces/h/build/bldc.o
 .data.batVoltage
                0x200000cc        0x2 /workspaces/h/build/bldc.o
                0x200000cc                batVoltage
 .data.offsetdcr
                0x200000ce        0x2 /workspaces/h/build/bldc.o
 .data.offsetdcl
                0x200000d0        0x2 /workspaces/h/build/bldc.o
 .data.offsetrrC
                0x200000d2        0x2 /workspaces/h/build/bldc.o
 .data.offsetrrB
                0x200000d4        0x2 /workspaces/h/build/bldc.o
 .data.offsetrlB
                0x200000d6        0x2 /workspaces/h/build/bldc.o
 .data.offsetrlA
                0x200000d8        0x2 /workspaces/h/build/bldc.o
 *fill*         0x200000da        0x2 
 .data.rtP_Left
                0x200000dc      0x100 /workspaces/h/build/BLDC_controller_data.o
                0x200000dc                rtP_Left
                0x200001dc                        . = ALIGN (0x4)
                0x200001dc                        _edata = .

.tm_clone_table
                0x200001dc        0x0 load address 0x08008934
 .tm_clone_table
                0x200001dc        0x0 /usr/lib/gcc/arm-none-eabi/13.2.1/thumb/v7-m/nofp/crtbegin.o
 .tm_clone_table
                0x200001dc        0x0 /usr/lib/gcc/arm-none-eabi/13.2.1/thumb/v7-m/nofp/crtend.o

.igot.plt       0x200001dc        0x0 load address 0x08008934
 .igot.plt      0x200001dc        0x0 /usr/lib/gcc/arm-none-eabi/13.2.1/thumb/v7-m/nofp/crtbegin.o
                0x200001dc                        . = ALIGN (0x4)

.bss            0x200001e0      0x874 load address 0x08008934
                0x200001e0                        _sbss = .
                0x200001e0                        __bss_start__ = _sbss
 *(.bss)
 .bss           0x200001e0       0x1c /usr/lib/gcc/arm-none-eabi/13.2.1/thumb/v7-m/nofp/crtbegin.o
 .bss           0x200001fc      0x13c /usr/lib/gcc/arm-none-eabi/13.2.1/../../../arm-none-eabi/lib/thumb/v7-m/nofp/libc_nano.a(libc_a-findfp.o)
                0x200001fc                __sf
                0x20000334                __stdio_exit_handler
 .bss           0x20000338        0x8 /usr/lib/gcc/arm-none-eabi/13.2.1/../../../arm-none-eabi/lib/thumb/v7-m/nofp/libc_nano.a(libc_a-mallocr.o)
                0x20000338                __malloc_sbrk_start
                0x2000033c                __malloc_free_list
 .bss           0x20000340        0x4 /usr/lib/gcc/arm-none-eabi/13.2.1/../../../arm-none-eabi/lib/thumb/v7-m/nofp/libc_nano.a(libc_a-reent.o)
                0x20000340                errno
 .bss           0x20000344        0x4 /usr/lib/gcc/arm-none-eabi/13.2.1/../../../arm-none-eabi/lib/thumb/v7-m/nofp/libnosys.a(sbrk.o)
 *(.bss*)
 .bss.pFlash    0x20000348       0x20 /workspaces/h/build/stm32f1xx_hal_flash.o
                0x20000348                pFlash
 .bss.uwTick    0x20000368        0x4 /workspaces/h/build/stm32f1xx_hal.o
                0x20000368                uwTick
 .bss.adc_buffer
                0x2000036c       0x14 /workspaces/h/build/setup.o
                0x2000036c                adc_buffer
 .bss.hdma_usart3_tx
                0x20000380       0x44 /workspaces/h/build/setup.o
                0x20000380                hdma_usart3_tx
 .bss.hdma_usart3_rx
                0x200003c4       0x44 /workspaces/h/build/setup.o
                0x200003c4                hdma_usart3_rx
 .bss.hdma_usart2_tx
                0x20000408       0x44 /workspaces/h/build/setup.o
                0x20000408                hdma_usart2_tx
 .bss.hdma_usart2_rx
                0x2000044c       0x44 /workspaces/h/build/setup.o
                0x2000044c                hdma_usart2_rx
 .bss.huart3    0x20000490       0x40 /workspaces/h/build/setup.o
                0x20000490                huart3
 .bss.hadc2     0x200004d0       0x30 /workspaces/h/build/setup.o
                0x200004d0                hadc2
 .bss.hadc1     0x20000500       0x30 /workspaces/h/build/setup.o
                0x20000500                hadc1
 .bss.htim_left
                0x20000530       0x40 /workspaces/h/build/setup.o
                0x20000530                htim_left
 .bss.htim_right
                0x20000570       0x40 /workspaces/h/build/setup.o
                0x20000570                htim_right
 .bss.timeoutFlgGen
                0x200005b0        0x1 /workspaces/h/build/control.o
                0x200005b0                timeoutFlgGen
 *fill*         0x200005b1        0x3 
 .bss.old_pos.0
                0x200005b4        0x4 /workspaces/h/build/util.o
 .bss.brakePressed
                0x200005b8        0x1 /workspaces/h/build/util.o
 *fill*         0x200005b9        0x3 
 .bss.commandR_raw
                0x200005bc        0x8 /workspaces/h/build/util.o
 .bss.commandR  0x200005c4        0x8 /workspaces/h/build/util.o
 .bss.timeoutFlgSerial_R
                0x200005cc        0x1 /workspaces/h/build/util.o
 *fill*         0x200005cd        0x3 
 .bss.rx_buffer_R_latest_len
                0x200005d0        0x4 /workspaces/h/build/util.o
 .bss.rx_buffer_R_latest
                0x200005d4       0x40 /workspaces/h/build/util.o
 .bss.rx_buffer_R
                0x20000614       0x40 /workspaces/h/build/util.o
 .bss.inp_cal_valid
                0x20000654        0x1 /workspaces/h/build/util.o
 .bss.cur_spd_valid
                0x20000655        0x1 /workspaces/h/build/util.o
 .bss.INPUT_MIN
                0x20000656        0x2 /workspaces/h/build/util.o
 .bss.INPUT_MAX
                0x20000658        0x2 /workspaces/h/build/util.o
 .bss.timeoutFlgSerial
                0x2000065a        0x1 /workspaces/h/build/util.o
                0x2000065a                timeoutFlgSerial
 .bss.timeoutFlgADC
                0x2000065b        0x1 /workspaces/h/build/util.o
                0x2000065b                timeoutFlgADC
 .bss.speedAvgAbs
                0x2000065c        0x2 /workspaces/h/build/util.o
                0x2000065c                speedAvgAbs
 .bss.speedAvg  0x2000065e        0x2 /workspaces/h/build/util.o
                0x2000065e                speedAvg
 .bss.inIdx_prev
                0x20000660        0x1 /workspaces/h/build/util.o
                0x20000660                inIdx_prev
 .bss.inIdx     0x20000661        0x1 /workspaces/h/build/util.o
                0x20000661                inIdx
 *fill*         0x20000662        0x2 
 .bss.rtY_Right
                0x20000664       0x10 /workspaces/h/build/util.o
                0x20000664                rtY_Right
 .bss.rtU_Right
                0x20000674       0x10 /workspaces/h/build/util.o
                0x20000674                rtU_Right
 .bss.rtDW_Right
                0x20000684       0xac /workspaces/h/build/util.o
                0x20000684                rtDW_Right
 .bss.rtP_Right
                0x20000730      0x100 /workspaces/h/build/util.o
                0x20000730                rtP_Right
 .bss.rtY_Left  0x20000830       0x10 /workspaces/h/build/util.o
                0x20000830                rtY_Left
 .bss.rtU_Left  0x20000840       0x10 /workspaces/h/build/util.o
                0x20000840                rtU_Left
 .bss.rtDW_Left
                0x20000850       0xac /workspaces/h/build/util.o
                0x20000850                rtDW_Left
 .bss.rtM_Right_
                0x200008fc       0x10 /workspaces/h/build/util.o
                0x200008fc                rtM_Right_
 .bss.rtM_Left_
                0x2000090c       0x10 /workspaces/h/build/util.o
                0x2000090c                rtM_Left_
 .bss.buf.0     0x2000091c       0xc0 /workspaces/h/build/main.o
 .bss.lastSendTick.1
                0x200009dc        0x4 /workspaces/h/build/main.o
 .bss.max_speed
                0x200009e0        0x2 /workspaces/h/build/main.o
 .bss.drive_mode
                0x200009e2        0x1 /workspaces/h/build/main.o
 *fill*         0x200009e3        0x1 
 .bss.MultipleTapBrake
                0x200009e4        0x8 /workspaces/h/build/main.o
 .bss.inactivity_timeout_counter
                0x200009ec        0x4 /workspaces/h/build/main.o
 .bss.buzzerTimer_prev
                0x200009f0        0x4 /workspaces/h/build/main.o
 .bss.speedFixdt
                0x200009f4        0x4 /workspaces/h/build/main.o
 .bss.steerFixdt
                0x200009f8        0x4 /workspaces/h/build/main.o
 .bss.speedRateFixdt
                0x200009fc        0x2 /workspaces/h/build/main.o
 .bss.steerRateFixdt
                0x200009fe        0x2 /workspaces/h/build/main.o
 .bss.steer     0x20000a00        0x2 /workspaces/h/build/main.o
 .bss.speed     0x20000a02        0x2 /workspaces/h/build/main.o
 .bss.sideboard_leds_R
                0x20000a04        0x1 /workspaces/h/build/main.o
 *fill*         0x20000a05        0x3 
 .bss.Feedback  0x20000a08       0x12 /workspaces/h/build/main.o
 .bss.cmdR      0x20000a1a        0x2 /workspaces/h/build/main.o
                0x20000a1a                cmdR
 .bss.cmdL      0x20000a1c        0x2 /workspaces/h/build/main.o
                0x20000a1c                cmdL
 .bss.dc_curr   0x20000a1e        0x2 /workspaces/h/build/main.o
                0x20000a1e                dc_curr
 .bss.right_dc_curr
                0x20000a20        0x2 /workspaces/h/build/main.o
                0x20000a20                right_dc_curr
 .bss.left_dc_curr
                0x20000a22        0x2 /workspaces/h/build/main.o
                0x20000a22                left_dc_curr
 .bss.board_temp_deg_c
                0x20000a24        0x2 /workspaces/h/build/main.o
                0x20000a24                board_temp_deg_c
 .bss.batVoltageCalib
                0x20000a26        0x2 /workspaces/h/build/main.o
                0x20000a26                batVoltageCalib
 .bss.main_loop_counter
                0x20000a28        0x4 /workspaces/h/build/main.o
                0x20000a28                main_loop_counter
 .bss.backwardDrive
                0x20000a2c        0x1 /workspaces/h/build/main.o
                0x20000a2c                backwardDrive
 .bss.OverrunFlag.0
                0x20000a2d        0x1 /workspaces/h/build/bldc.o
 .bss.offsetcount
                0x20000a2e        0x2 /workspaces/h/build/bldc.o
 .bss.enableFin
                0x20000a30        0x1 /workspaces/h/build/bldc.o
 .bss.enable    0x20000a31        0x1 /workspaces/h/build/bldc.o
                0x20000a31                enable
 .bss.buzzerIdx
                0x20000a32        0x1 /workspaces/h/build/bldc.o
 .bss.buzzerPrev
                0x20000a33        0x1 /workspaces/h/build/bldc.o
 .bss.buzzerTimer
                0x20000a34        0x4 /workspaces/h/build/bldc.o
                0x20000a34                buzzerTimer
 .bss.buzzerCount
                0x20000a38        0x1 /workspaces/h/build/bldc.o
                0x20000a38                buzzerCount
 .bss.buzzerPattern
                0x20000a39        0x1 /workspaces/h/build/bldc.o
                0x20000a39                buzzerPattern
 .bss.buzzerFreq
                0x20000a3a        0x1 /workspaces/h/build/bldc.o
                0x20000a3a                buzzerFreq
 *fill*         0x20000a3b        0x1 
 .bss.pwmr      0x20000a3c        0x4 /workspaces/h/build/bldc.o
                0x20000a3c                pwmr
 .bss.pwml      0x20000a40        0x4 /workspaces/h/build/bldc.o
                0x20000a40                pwml
 .bss.curR_DC   0x20000a44        0x2 /workspaces/h/build/bldc.o
                0x20000a44                curR_DC
 .bss.curR_phaC
                0x20000a46        0x2 /workspaces/h/build/bldc.o
                0x20000a46                curR_phaC
 .bss.curR_phaB
                0x20000a48        0x2 /workspaces/h/build/bldc.o
                0x20000a48                curR_phaB
 .bss.curL_DC   0x20000a4a        0x2 /workspaces/h/build/bldc.o
                0x20000a4a                curL_DC
 .bss.curL_phaB
                0x20000a4c        0x2 /workspaces/h/build/bldc.o
                0x20000a4c                curL_phaB
 .bss.curL_phaA
                0x20000a4e        0x2 /workspaces/h/build/bldc.o
                0x20000a4e                curL_phaA
 .bss.pwm_margin
                0x20000a50        0x2 /workspaces/h/build/bldc.o
 .bss.DataVar   0x20000a52        0x2 /workspaces/h/build/eeprom.o
                0x20000a52                DataVar
 *(COMMON)
                0x20000a54                        . = ALIGN (0x4)
                0x20000a54                        _ebss = .
                0x20000a54                        __bss_end__ = _ebss

._user_heap_stack
                0x20000a54      0x604 load address 0x08008934
                0x20000a58                        . = ALIGN (0x8)
 *fill*         0x20000a54        0x4 
                0x20000a58                        PROVIDE (end = .)
                [!provide]                        PROVIDE (_end = .)
                0x20000c58                        . = (. + _Min_Heap_Size)
 *fill*         0x20000a58      0x200 
                0x20001058                        . = (. + _Min_Stack_Size)
 *fill*         0x20000c58      0x400 
                0x20001058                        . = ALIGN (0x8)

/DISCARD/
 libc.a(*)
 libm.a(*)
 libgcc.a(*)

.ARM.attributes
                0x00000000       0x29
 *(.ARM.attributes)
 .ARM.attributes
                0x00000000       0x1d /usr/lib/gcc/arm-none-eabi/13.2.1/thumb/v7-m/nofp/crti.o
 .ARM.attributes
                0x0000001d       0x2d /usr/lib/gcc/arm-none-eabi/13.2.1/thumb/v7-m/nofp/crtbegin.o
 .ARM.attributes
                0x0000004a       0x2d /workspaces/h/build/stm32f1xx_hal_flash.o
 .ARM.attributes
                0x00000077       0x2d /workspaces/h/build/stm32f1xx_hal_rcc.o
 .ARM.attributes
                0x000000a4       0x2d /workspaces/h/build/stm32f1xx_hal_tim.o
 .ARM.attributes
                0x000000d1       0x2d /workspaces/h/build/stm32f1xx_hal_tim_ex.o
 .ARM.attributes
                0x000000fe       0x2d /workspaces/h/build/stm32f1xx_hal_adc_ex.o
 .ARM.attributes
                0x0000012b       0x2d /workspaces/h/build/stm32f1xx_hal_cortex.o
 .ARM.attributes
                0x00000158       0x2d /workspaces/h/build/stm32f1xx_hal_flash_ex.o
 .ARM.attributes
                0x00000185       0x2d /workspaces/h/build/stm32f1xx_hal_gpio.o
 .ARM.attributes
                0x000001b2       0x2d /workspaces/h/build/stm32f1xx_hal.o
 .ARM.attributes
                0x000001df       0x2d /workspaces/h/build/stm32f1xx_hal_adc.o
 .ARM.attributes
                0x0000020c       0x2d /workspaces/h/build/stm32f1xx_hal_uart.o
 .ARM.attributes
                0x00000239       0x2d /workspaces/h/build/stm32f1xx_hal_dma.o
 .ARM.attributes
                0x00000266       0x2d /workspaces/h/build/system_stm32f1xx.o
 .ARM.attributes
                0x00000293       0x2d /workspaces/h/build/setup.o
 .ARM.attributes
                0x000002c0       0x2d /workspaces/h/build/control.o
 .ARM.attributes
                0x000002ed       0x2d /workspaces/h/build/util.o
 .ARM.attributes
                0x0000031a       0x2d /workspaces/h/build/main.o
 .ARM.attributes
                0x00000347       0x2d /workspaces/h/build/bldc.o
 .ARM.attributes
                0x00000374       0x2d /workspaces/h/build/eeprom.o
 .ARM.attributes
                0x000003a1       0x2d /workspaces/h/build/stm32f1xx_it.o
 .ARM.attributes
                0x000003ce       0x2d /workspaces/h/build/BLDC_controller_data.o
 .ARM.attributes
                0x000003fb       0x2d /workspaces/h/build/BLDC_controller.o
 .ARM.attributes
                0x00000428       0x21 /workspaces/h/build/startup_stm32f103xb.o
 .ARM.attributes
                0x00000449       0x2d /usr/lib/gcc/arm-none-eabi/13.2.1/../../../arm-none-eabi/lib/thumb/v7-m/nofp/libc_nano.a(libc_a-init.o)
 .ARM.attributes
                0x00000476       0x2d /usr/lib/gcc/arm-none-eabi/13.2.1/../../../arm-none-eabi/lib/thumb/v7-m/nofp/libc_nano.a(libc_a-memset.o)
 .ARM.attributes
                0x000004a3       0x1b /usr/lib/gcc/arm-none-eabi/13.2.1/../../../arm-none-eabi/lib/thumb/v7-m/nofp/libc_nano.a(libc_a-memcpy.o)
 .ARM.attributes
                0x000004be       0x2d /usr/lib/gcc/arm-none-eabi/13.2.1/../../../arm-none-eabi/lib/thumb/v7-m/nofp/libc_nano.a(libc_a-snprintf.o)
 .ARM.attributes
                0x000004eb       0x2d /usr/lib/gcc/arm-none-eabi/13.2.1/../../../arm-none-eabi/lib/thumb/v7-m/nofp/libc_nano.a(libc_a-printf.o)
 .ARM.attributes
                0x00000518       0x2d /usr/lib/gcc/arm-none-eabi/13.2.1/../../../arm-none-eabi/lib/thumb/v7-m/nofp/libc_nano.a(libc_a-nano-vfprintf.o)
 .ARM.attributes
                0x00000545       0x2d /usr/lib/gcc/arm-none-eabi/13.2.1/../../../arm-none-eabi/lib/thumb/v7-m/nofp/libc_nano.a(libc_a-wbuf.o)
 .ARM.attributes
                0x00000572       0x2d /usr/lib/gcc/arm-none-eabi/13.2.1/../../../arm-none-eabi/lib/thumb/v7-m/nofp/libc_nano.a(libc_a-impure.o)
 .ARM.attributes
                0x0000059f       0x2d /usr/lib/gcc/arm-none-eabi/13.2.1/../../../arm-none-eabi/lib/thumb/v7-m/nofp/libc_nano.a(libc_a-nano-svfprintf.o)
 .ARM.attributes
                0x000005cc       0x2d /usr/lib/gcc/arm-none-eabi/13.2.1/../../../arm-none-eabi/lib/thumb/v7-m/nofp/libc_nano.a(libc_a-fvwrite.o)
 .ARM.attributes
                0x000005f9       0x2d /usr/lib/gcc/arm-none-eabi/13.2.1/../../../arm-none-eabi/lib/thumb/v7-m/nofp/libc_nano.a(libc_a-findfp.o)
 .ARM.attributes
                0x00000626       0x2d /usr/lib/gcc/arm-none-eabi/13.2.1/../../../arm-none-eabi/lib/thumb/v7-m/nofp/libc_nano.a(libc_a-fflush.o)
 .ARM.attributes
                0x00000653       0x2d /usr/lib/gcc/arm-none-eabi/13.2.1/../../../arm-none-eabi/lib/thumb/v7-m/nofp/libc_nano.a(libc_a-mallocr.o)
 .ARM.attributes
                0x00000680       0x2d /usr/lib/gcc/arm-none-eabi/13.2.1/../../../arm-none-eabi/lib/thumb/v7-m/nofp/libc_nano.a(libc_a-freer.o)
 .ARM.attributes
                0x000006ad       0x2d /usr/lib/gcc/arm-none-eabi/13.2.1/../../../arm-none-eabi/lib/thumb/v7-m/nofp/libc_nano.a(libc_a-memmove.o)
 .ARM.attributes
                0x000006da       0x2d /usr/lib/gcc/arm-none-eabi/13.2.1/../../../arm-none-eabi/lib/thumb/v7-m/nofp/libc_nano.a(libc_a-fwalk.o)
 .ARM.attributes
                0x00000707       0x2d /usr/lib/gcc/arm-none-eabi/13.2.1/../../../arm-none-eabi/lib/thumb/v7-m/nofp/libc_nano.a(libc_a-wsetup.o)
 .ARM.attributes
                0x00000734       0x2d /usr/lib/gcc/arm-none-eabi/13.2.1/../../../arm-none-eabi/lib/thumb/v7-m/nofp/libc_nano.a(libc_a-reallocr.o)
 .ARM.attributes
                0x00000761       0x2d /usr/lib/gcc/arm-none-eabi/13.2.1/../../../arm-none-eabi/lib/thumb/v7-m/nofp/libc_nano.a(libc_a-nano-vfprintf_i.o)
 .ARM.attributes
                0x0000078e       0x2d /usr/lib/gcc/arm-none-eabi/13.2.1/../../../arm-none-eabi/lib/thumb/v7-m/nofp/libc_nano.a(libc_a-mlock.o)
 .ARM.attributes
                0x000007bb       0x2d /usr/lib/gcc/arm-none-eabi/13.2.1/../../../arm-none-eabi/lib/thumb/v7-m/nofp/libc_nano.a(libc_a-makebuf.o)
 .ARM.attributes
                0x000007e8       0x2d /usr/lib/gcc/arm-none-eabi/13.2.1/../../../arm-none-eabi/lib/thumb/v7-m/nofp/libc_nano.a(libc_a-memchr-stub.o)
 .ARM.attributes
                0x00000815       0x2d /usr/lib/gcc/arm-none-eabi/13.2.1/../../../arm-none-eabi/lib/thumb/v7-m/nofp/libc_nano.a(libc_a-isattyr.o)
 .ARM.attributes
                0x00000842       0x2d /usr/lib/gcc/arm-none-eabi/13.2.1/../../../arm-none-eabi/lib/thumb/v7-m/nofp/libc_nano.a(libc_a-sbrkr.o)
 .ARM.attributes
                0x0000086f       0x2d /usr/lib/gcc/arm-none-eabi/13.2.1/../../../arm-none-eabi/lib/thumb/v7-m/nofp/libc_nano.a(libc_a-stdio.o)
 .ARM.attributes
                0x0000089c       0x2d /usr/lib/gcc/arm-none-eabi/13.2.1/../../../arm-none-eabi/lib/thumb/v7-m/nofp/libc_nano.a(libc_a-msizer.o)
 .ARM.attributes
                0x000008c9       0x2d /usr/lib/gcc/arm-none-eabi/13.2.1/../../../arm-none-eabi/lib/thumb/v7-m/nofp/libc_nano.a(libc_a-closer.o)
 .ARM.attributes
                0x000008f6       0x2d /usr/lib/gcc/arm-none-eabi/13.2.1/../../../arm-none-eabi/lib/thumb/v7-m/nofp/libc_nano.a(libc_a-readr.o)
 .ARM.attributes
                0x00000923       0x2d /usr/lib/gcc/arm-none-eabi/13.2.1/../../../arm-none-eabi/lib/thumb/v7-m/nofp/libc_nano.a(libc_a-reent.o)
 .ARM.attributes
                0x00000950       0x2d /usr/lib/gcc/arm-none-eabi/13.2.1/../../../arm-none-eabi/lib/thumb/v7-m/nofp/libc_nano.a(libc_a-fstatr.o)
 .ARM.attributes
                0x0000097d       0x2d /usr/lib/gcc/arm-none-eabi/13.2.1/../../../arm-none-eabi/lib/thumb/v7-m/nofp/libc_nano.a(libc_a-lseekr.o)
 .ARM.attributes
                0x000009aa       0x2d /usr/lib/gcc/arm-none-eabi/13.2.1/../../../arm-none-eabi/lib/thumb/v7-m/nofp/libc_nano.a(libc_a-writer.o)
 .ARM.attributes
                0x000009d7       0x2d /usr/lib/gcc/arm-none-eabi/13.2.1/../../../arm-none-eabi/lib/thumb/v7-m/nofp/libnosys.a(close.o)
 .ARM.attributes
                0x00000a04       0x2d /usr/lib/gcc/arm-none-eabi/13.2.1/../../../arm-none-eabi/lib/thumb/v7-m/nofp/libnosys.a(fstat.o)
 .ARM.attributes
                0x00000a31       0x2d /usr/lib/gcc/arm-none-eabi/13.2.1/../../../arm-none-eabi/lib/thumb/v7-m/nofp/libnosys.a(isatty.o)
 .ARM.attributes
                0x00000a5e       0x2d /usr/lib/gcc/arm-none-eabi/13.2.1/../../../arm-none-eabi/lib/thumb/v7-m/nofp/libnosys.a(lseek.o)
 .ARM.attributes
                0x00000a8b       0x2d /usr/lib/gcc/arm-none-eabi/13.2.1/../../../arm-none-eabi/lib/thumb/v7-m/nofp/libnosys.a(read.o)
 .ARM.attributes
                0x00000ab8       0x2d /usr/lib/gcc/arm-none-eabi/13.2.1/../../../arm-none-eabi/lib/thumb/v7-m/nofp/libnosys.a(sbrk.o)
 .ARM.attributes
                0x00000ae5       0x2d /usr/lib/gcc/arm-none-eabi/13.2.1/../../../arm-none-eabi/lib/thumb/v7-m/nofp/libnosys.a(write.o)
 .ARM.attributes
                0x00000b12       0x2d /usr/lib/gcc/arm-none-eabi/13.2.1/thumb/v7-m/nofp/crtend.o
 .ARM.attributes
                0x00000b3f       0x1d /usr/lib/gcc/arm-none-eabi/13.2.1/thumb/v7-m/nofp/crtn.o
OUTPUT(/workspaces/h/build/hover.elf elf32-littlearm)
LOAD linker stubs
LOAD /usr/lib/gcc/arm-none-eabi/13.2.1/../../../arm-none-eabi/lib/thumb/v7-m/nofp/libc.a
LOAD /usr/lib/gcc/arm-none-eabi/13.2.1/../../../arm-none-eabi/lib/thumb/v7-m/nofp/libm.a
LOAD /usr/lib/gcc/arm-none-eabi/13.2.1/thumb/v7-m/nofp/libgcc.a

.comment        0x00000000       0x26
 .comment       0x00000000       0x26 /usr/lib/gcc/arm-none-eabi/13.2.1/thumb/v7-m/nofp/crtbegin.o
                                 0x27 (size before relaxing)
 .comment       0x00000026       0x27 /workspaces/h/build/stm32f1xx_hal_flash.o
 .comment       0x00000026       0x27 /workspaces/h/build/stm32f1xx_hal_rcc.o
 .comment       0x00000026       0x27 /workspaces/h/build/stm32f1xx_hal_tim.o
 .comment       0x00000026       0x27 /workspaces/h/build/stm32f1xx_hal_tim_ex.o
 .comment       0x00000026       0x27 /workspaces/h/build/stm32f1xx_hal_adc_ex.o
 .comment       0x00000026       0x27 /workspaces/h/build/stm32f1xx_hal_cortex.o
 .comment       0x00000026       0x27 /workspaces/h/build/stm32f1xx_hal_flash_ex.o
 .comment       0x00000026       0x27 /workspaces/h/build/stm32f1xx_hal_gpio.o
 .comment       0x00000026       0x27 /workspaces/h/build/stm32f1xx_hal.o
 .comment       0x00000026       0x27 /workspaces/h/build/stm32f1xx_hal_adc.o
 .comment       0x00000026       0x27 /workspaces/h/build/stm32f1xx_hal_uart.o
 .comment       0x00000026       0x27 /workspaces/h/build/stm32f1xx_hal_dma.o
 .comment       0x00000026       0x27 /workspaces/h/build/system_stm32f1xx.o
 .comment       0x00000026       0x27 /workspaces/h/build/setup.o
 .comment       0x00000026       0x27 /workspaces/h/build/control.o
 .comment       0x00000026       0x27 /workspaces/h/build/util.o
 .comment       0x00000026       0x27 /workspaces/h/build/main.o
 .comment       0x00000026       0x27 /workspaces/h/build/bldc.o
 .comment       0x00000026       0x27 /workspaces/h/build/eeprom.o
 .comment       0x00000026       0x27 /workspaces/h/build/stm32f1xx_it.o
 .comment       0x00000026       0x27 /workspaces/h/build/BLDC_controller_data.o
 .comment       0x00000026       0x27 /workspaces/h/build/BLDC_controller.o
 .comment       0x00000026       0x27 /usr/lib/gcc/arm-none-eabi/13.2.1/../../../arm-none-eabi/lib/thumb/v7-m/nofp/libc_nano.a(libc_a-init.o)
 .comment       0x00000026       0x27 /usr/lib/gcc/arm-none-eabi/13.2.1/../../../arm-none-eabi/lib/thumb/v7-m/nofp/libc_nano.a(libc_a-memset.o)
 .comment       0x00000026       0x27 /usr/lib/gcc/arm-none-eabi/13.2.1/../../../arm-none-eabi/lib/thumb/v7-m/nofp/libc_nano.a(libc_a-snprintf.o)
 .comment       0x00000026       0x27 /usr/lib/gcc/arm-none-eabi/13.2.1/../../../arm-none-eabi/lib/thumb/v7-m/nofp/libc_nano.a(libc_a-printf.o)
 .comment       0x00000026       0x27 /usr/lib/gcc/arm-none-eabi/13.2.1/../../../arm-none-eabi/lib/thumb/v7-m/nofp/libc_nano.a(libc_a-nano-vfprintf.o)
 .comment       0x00000026       0x27 /usr/lib/gcc/arm-none-eabi/13.2.1/../../../arm-none-eabi/lib/thumb/v7-m/nofp/libc_nano.a(libc_a-wbuf.o)
 .comment       0x00000026       0x27 /usr/lib/gcc/arm-none-eabi/13.2.1/../../../arm-none-eabi/lib/thumb/v7-m/nofp/libc_nano.a(libc_a-impure.o)
 .comment       0x00000026       0x27 /usr/lib/gcc/arm-none-eabi/13.2.1/../../../arm-none-eabi/lib/thumb/v7-m/nofp/libc_nano.a(libc_a-nano-svfprintf.o)
 .comment       0x00000026       0x27 /usr/lib/gcc/arm-none-eabi/13.2.1/../../../arm-none-eabi/lib/thumb/v7-m/nofp/libc_nano.a(libc_a-fvwrite.o)
 .comment       0x00000026       0x27 /usr/lib/gcc/arm-none-eabi/13.2.1/../../../arm-none-eabi/lib/thumb/v7-m/nofp/libc_nano.a(libc_a-findfp.o)
 .comment       0x00000026       0x27 /usr/lib/gcc/arm-none-eabi/13.2.1/../../../arm-none-eabi/lib/thumb/v7-m/nofp/libc_nano.a(libc_a-fflush.o)
 .comment       0x00000026       0x27 /usr/lib/gcc/arm-none-eabi/13.2.1/../../../arm-none-eabi/lib/thumb/v7-m/nofp/libc_nano.a(libc_a-mallocr.o)
 .comment       0x00000026       0x27 /usr/lib/gcc/arm-none-eabi/13.2.1/../../../arm-none-eabi/lib/thumb/v7-m/nofp/libc_nano.a(libc_a-freer.o)
 .comment       0x00000026       0x27 /usr/lib/gcc/arm-none-eabi/13.2.1/../../../arm-none-eabi/lib/thumb/v7-m/nofp/libc_nano.a(libc_a-memmove.o)
 .comment       0x00000026       0x27 /usr/lib/gcc/arm-none-eabi/13.2.1/../../../arm-none-eabi/lib/thumb/v7-m/nofp/libc_nano.a(libc_a-fwalk.o)
 .comment       0x00000026       0x27 /usr/lib/gcc/arm-none-eabi/13.2.1/../../../arm-none-eabi/lib/thumb/v7-m/nofp/libc_nano.a(libc_a-wsetup.o)
 .comment       0x00000026       0x27 /usr/lib/gcc/arm-none-eabi/13.2.1/../../../arm-none-eabi/lib/thumb/v7-m/nofp/libc_nano.a(libc_a-reallocr.o)
 .comment       0x00000026       0x27 /usr/lib/gcc/arm-none-eabi/13.2.1/../../../arm-none-eabi/lib/thumb/v7-m/nofp/libc_nano.a(libc_a-nano-vfprintf_i.o)
 .comment       0x00000026       0x27 /usr/lib/gcc/arm-none-eabi/13.2.1/../../../arm-none-eabi/lib/thumb/v7-m/nofp/libc_nano.a(libc_a-mlock.o)
 .comment       0x00000026       0x27 /usr/lib/gcc/arm-none-eabi/13.2.1/../../../arm-none-eabi/lib/thumb/v7-m/nofp/libc_nano.a(libc_a-makebuf.o)
 .comment       0x00000026       0x27 /usr/lib/gcc/arm-none-eabi/13.2.1/../../../arm-none-eabi/lib/thumb/v7-m/nofp/libc_nano.a(libc_a-memchr-stub.o)
 .comment       0x00000026       0x27 /usr/lib/gcc/arm-none-eabi/13.2.1/../../../arm-none-eabi/lib/thumb/v7-m/nofp/libc_nano.a(libc_a-isattyr.o)
 .comment       0x00000026       0x27 /usr/lib/gcc/arm-none-eabi/13.2.1/../../../arm-none-eabi/lib/thumb/v7-m/nofp/libc_nano.a(libc_a-sbrkr.o)
 .comment       0x00000026       0x27 /usr/lib/gcc/arm-none-eabi/13.2.1/../../../arm-none-eabi/lib/thumb/v7-m/nofp/libc_nano.a(libc_a-stdio.o)
 .comment       0x00000026       0x27 /usr/lib/gcc/arm-none-eabi/13.2.1/../../../arm-none-eabi/lib/thumb/v7-m/nofp/libc_nano.a(libc_a-msizer.o)
 .comment       0x00000026       0x27 /usr/lib/gcc/arm-none-eabi/13.2.1/../../../arm-none-eabi/lib/thumb/v7-m/nofp/libc_nano.a(libc_a-closer.o)
 .comment       0x00000026       0x27 /usr/lib/gcc/arm-none-eabi/13.2.1/../../../arm-none-eabi/lib/thumb/v7-m/nofp/libc_nano.a(libc_a-readr.o)
 .comment       0x00000026       0x27 /usr/lib/gcc/arm-none-eabi/13.2.1/../../../arm-none-eabi/lib/thumb/v7-m/nofp/libc_nano.a(libc_a-reent.o)
 .comment       0x00000026       0x27 /usr/lib/gcc/arm-none-eabi/13.2.1/../../../arm-none-eabi/lib/thumb/v7-m/nofp/libc_nano.a(libc_a-fstatr.o)
 .comment       0x00000026       0x27 /usr/lib/gcc/arm-none-eabi/13.2.1/../../../arm-none-eabi/lib/thumb/v7-m/nofp/libc_nano.a(libc_a-lseekr.o)
 .comment       0x00000026       0x27 /usr/lib/gcc/arm-none-eabi/13.2.1/../../../arm-none-eabi/lib/thumb/v7-m/nofp/libc_nano.a(libc_a-writer.o)
 .comment       0x00000026       0x27 /usr/lib/gcc/arm-none-eabi/13.2.1/../../../arm-none-eabi/lib/thumb/v7-m/nofp/libnosys.a(close.o)
 .comment       0x00000026       0x27 /usr/lib/gcc/arm-none-eabi/13.2.1/../../../arm-none-eabi/lib/thumb/v7-m/nofp/libnosys.a(fstat.o)
 .comment       0x00000026       0x27 /usr/lib/gcc/arm-none-eabi/13.2.1/../../../arm-none-eabi/lib/thumb/v7-m/nofp/libnosys.a(isatty.o)
 .comment       0x00000026       0x27 /usr/lib/gcc/arm-none-eabi/13.2.1/../../../arm-none-eabi/lib/thumb/v7-m/nofp/libnosys.a(lseek.o)
 .comment       0x00000026       0x27 /usr/lib/gcc/arm-none-eabi/13.2.1/../../../arm-none-eabi/lib/thumb/v7-m/nofp/libnosys.a(read.o)
 .comment       0x00000026       0x27 /usr/lib/gcc/arm-none-eabi/13.2.1/../../../arm-none-eabi/lib/thumb/v7-m/nofp/libnosys.a(sbrk.o)
 .comment       0x00000026       0x27 /usr/lib/gcc/arm-none-eabi/13.2.1/../../../arm-none-eabi/lib/thumb/v7-m/nofp/libnosys.a(write.o)
 .comment       0x00000026       0x27 /usr/lib/gcc/arm-none-eabi/13.2.1/thumb/v7-m/nofp/crtend.o

.debug_info     0x00000000    0x29d34
 .debug_info    0x00000000      0x6ba /workspaces/h/build/stm32f1xx_hal_flash.o
 .debug_info    0x000006ba      0xa9c /workspaces/h/build/stm32f1xx_hal_rcc.o
 .debug_info    0x00001156     0x3529 /workspaces/h/build/stm32f1xx_hal_tim.o
 .debug_info    0x0000467f     0x15e5 /workspaces/h/build/stm32f1xx_hal_tim_ex.o
 .debug_info    0x00005c64      0xd1e /workspaces/h/build/stm32f1xx_hal_adc_ex.o
 .debug_info    0x00006982      0xe69 /workspaces/h/build/stm32f1xx_hal_cortex.o
 .debug_info    0x000077eb      0xb6b /workspaces/h/build/stm32f1xx_hal_flash_ex.o
 .debug_info    0x00008356      0x6cc /workspaces/h/build/stm32f1xx_hal_gpio.o
 .debug_info    0x00008a22      0x7ae /workspaces/h/build/stm32f1xx_hal.o
 .debug_info    0x000091d0     0x103e /workspaces/h/build/stm32f1xx_hal_adc.o
 .debug_info    0x0000a20e     0x1a06 /workspaces/h/build/stm32f1xx_hal_uart.o
 .debug_info    0x0000bc14      0x8ca /workspaces/h/build/stm32f1xx_hal_dma.o
 .debug_info    0x0000c4de      0x447 /workspaces/h/build/system_stm32f1xx.o
 .debug_info    0x0000c925     0x248a /workspaces/h/build/setup.o
 .debug_info    0x0000edaf      0xd16 /workspaces/h/build/control.o
 .debug_info    0x0000fac5     0x2951 /workspaces/h/build/util.o
 .debug_info    0x00012416     0x2149 /workspaces/h/build/main.o
 .debug_info    0x0001455f     0x136a /workspaces/h/build/bldc.o
 .debug_info    0x000158c9      0x9ce /workspaces/h/build/eeprom.o
 .debug_info    0x00016297      0x774 /workspaces/h/build/stm32f1xx_it.o
 .debug_info    0x00016a0b      0x485 /workspaces/h/build/BLDC_controller_data.o
 .debug_info    0x00016e90     0x1eca /workspaces/h/build/BLDC_controller.o
 .debug_info    0x00018d5a       0x30 /workspaces/h/build/startup_stm32f103xb.o
 .debug_info    0x00018d8a      0x10b /usr/lib/gcc/arm-none-eabi/13.2.1/../../../arm-none-eabi/lib/thumb/v7-m/nofp/libc_nano.a(libc_a-init.o)
 .debug_info    0x00018e95      0x135 /usr/lib/gcc/arm-none-eabi/13.2.1/../../../arm-none-eabi/lib/thumb/v7-m/nofp/libc_nano.a(libc_a-memset.o)
 .debug_info    0x00018fca       0x33 /usr/lib/gcc/arm-none-eabi/13.2.1/../../../arm-none-eabi/lib/thumb/v7-m/nofp/libc_nano.a(libc_a-memcpy.o)
 .debug_info    0x00018ffd      0x8ff /usr/lib/gcc/arm-none-eabi/13.2.1/../../../arm-none-eabi/lib/thumb/v7-m/nofp/libc_nano.a(libc_a-snprintf.o)
 .debug_info    0x000198fc      0x837 /usr/lib/gcc/arm-none-eabi/13.2.1/../../../arm-none-eabi/lib/thumb/v7-m/nofp/libc_nano.a(libc_a-printf.o)
 .debug_info    0x0001a133     0x108a /usr/lib/gcc/arm-none-eabi/13.2.1/../../../arm-none-eabi/lib/thumb/v7-m/nofp/libc_nano.a(libc_a-nano-vfprintf.o)
 .debug_info    0x0001b1bd      0x863 /usr/lib/gcc/arm-none-eabi/13.2.1/../../../arm-none-eabi/lib/thumb/v7-m/nofp/libc_nano.a(libc_a-wbuf.o)
 .debug_info    0x0001ba20      0x70b /usr/lib/gcc/arm-none-eabi/13.2.1/../../../arm-none-eabi/lib/thumb/v7-m/nofp/libc_nano.a(libc_a-impure.o)
 .debug_info    0x0001c12b     0x1094 /usr/lib/gcc/arm-none-eabi/13.2.1/../../../arm-none-eabi/lib/thumb/v7-m/nofp/libc_nano.a(libc_a-nano-svfprintf.o)
 .debug_info    0x0001d1bf      0xb1e /usr/lib/gcc/arm-none-eabi/13.2.1/../../../arm-none-eabi/lib/thumb/v7-m/nofp/libc_nano.a(libc_a-fvwrite.o)
 .debug_info    0x0001dcdd      0xe8c /usr/lib/gcc/arm-none-eabi/13.2.1/../../../arm-none-eabi/lib/thumb/v7-m/nofp/libc_nano.a(libc_a-findfp.o)
 .debug_info    0x0001eb69      0xa30 /usr/lib/gcc/arm-none-eabi/13.2.1/../../../arm-none-eabi/lib/thumb/v7-m/nofp/libc_nano.a(libc_a-fflush.o)
 .debug_info    0x0001f599      0x9b6 /usr/lib/gcc/arm-none-eabi/13.2.1/../../../arm-none-eabi/lib/thumb/v7-m/nofp/libc_nano.a(libc_a-mallocr.o)
 .debug_info    0x0001ff4f      0x87f /usr/lib/gcc/arm-none-eabi/13.2.1/../../../arm-none-eabi/lib/thumb/v7-m/nofp/libc_nano.a(libc_a-freer.o)
 .debug_info    0x000207ce      0x148 /usr/lib/gcc/arm-none-eabi/13.2.1/../../../arm-none-eabi/lib/thumb/v7-m/nofp/libc_nano.a(libc_a-memmove.o)
 .debug_info    0x00020916      0x7c8 /usr/lib/gcc/arm-none-eabi/13.2.1/../../../arm-none-eabi/lib/thumb/v7-m/nofp/libc_nano.a(libc_a-fwalk.o)
 .debug_info    0x000210de      0x7b1 /usr/lib/gcc/arm-none-eabi/13.2.1/../../../arm-none-eabi/lib/thumb/v7-m/nofp/libc_nano.a(libc_a-wsetup.o)
 .debug_info    0x0002188f      0x8cd /usr/lib/gcc/arm-none-eabi/13.2.1/../../../arm-none-eabi/lib/thumb/v7-m/nofp/libc_nano.a(libc_a-reallocr.o)
 .debug_info    0x0002215c      0xdd7 /usr/lib/gcc/arm-none-eabi/13.2.1/../../../arm-none-eabi/lib/thumb/v7-m/nofp/libc_nano.a(libc_a-nano-vfprintf_i.o)
 .debug_info    0x00022f33      0x71c /usr/lib/gcc/arm-none-eabi/13.2.1/../../../arm-none-eabi/lib/thumb/v7-m/nofp/libc_nano.a(libc_a-mlock.o)
 .debug_info    0x0002364f      0xbe6 /usr/lib/gcc/arm-none-eabi/13.2.1/../../../arm-none-eabi/lib/thumb/v7-m/nofp/libc_nano.a(libc_a-makebuf.o)
 .debug_info    0x00024235      0x14a /usr/lib/gcc/arm-none-eabi/13.2.1/../../../arm-none-eabi/lib/thumb/v7-m/nofp/libc_nano.a(libc_a-memchr-stub.o)
 .debug_info    0x0002437f      0x752 /usr/lib/gcc/arm-none-eabi/13.2.1/../../../arm-none-eabi/lib/thumb/v7-m/nofp/libc_nano.a(libc_a-isattyr.o)
 .debug_info    0x00024ad1      0x778 /usr/lib/gcc/arm-none-eabi/13.2.1/../../../arm-none-eabi/lib/thumb/v7-m/nofp/libc_nano.a(libc_a-sbrkr.o)
 .debug_info    0x00025249      0xa80 /usr/lib/gcc/arm-none-eabi/13.2.1/../../../arm-none-eabi/lib/thumb/v7-m/nofp/libc_nano.a(libc_a-stdio.o)
 .debug_info    0x00025cc9      0x78a /usr/lib/gcc/arm-none-eabi/13.2.1/../../../arm-none-eabi/lib/thumb/v7-m/nofp/libc_nano.a(libc_a-msizer.o)
 .debug_info    0x00026453      0x752 /usr/lib/gcc/arm-none-eabi/13.2.1/../../../arm-none-eabi/lib/thumb/v7-m/nofp/libc_nano.a(libc_a-closer.o)
 .debug_info    0x00026ba5      0x7b5 /usr/lib/gcc/arm-none-eabi/13.2.1/../../../arm-none-eabi/lib/thumb/v7-m/nofp/libc_nano.a(libc_a-readr.o)
 .debug_info    0x0002735a      0x89f /usr/lib/gcc/arm-none-eabi/13.2.1/../../../arm-none-eabi/lib/thumb/v7-m/nofp/libc_nano.a(libc_a-reent.o)
 .debug_info    0x00027bf9      0x977 /usr/lib/gcc/arm-none-eabi/13.2.1/../../../arm-none-eabi/lib/thumb/v7-m/nofp/libc_nano.a(libc_a-fstatr.o)
 .debug_info    0x00028570      0x79e /usr/lib/gcc/arm-none-eabi/13.2.1/../../../arm-none-eabi/lib/thumb/v7-m/nofp/libc_nano.a(libc_a-lseekr.o)
 .debug_info    0x00028d0e      0x7bb /usr/lib/gcc/arm-none-eabi/13.2.1/../../../arm-none-eabi/lib/thumb/v7-m/nofp/libc_nano.a(libc_a-writer.o)
 .debug_info    0x000294c9       0xde /usr/lib/gcc/arm-none-eabi/13.2.1/../../../arm-none-eabi/lib/thumb/v7-m/nofp/libnosys.a(close.o)
 .debug_info    0x000295a7      0x2f7 /usr/lib/gcc/arm-none-eabi/13.2.1/../../../arm-none-eabi/lib/thumb/v7-m/nofp/libnosys.a(fstat.o)
 .debug_info    0x0002989e       0xde /usr/lib/gcc/arm-none-eabi/13.2.1/../../../arm-none-eabi/lib/thumb/v7-m/nofp/libnosys.a(isatty.o)
 .debug_info    0x0002997c      0x100 /usr/lib/gcc/arm-none-eabi/13.2.1/../../../arm-none-eabi/lib/thumb/v7-m/nofp/libnosys.a(lseek.o)
 .debug_info    0x00029a7c      0x106 /usr/lib/gcc/arm-none-eabi/13.2.1/../../../arm-none-eabi/lib/thumb/v7-m/nofp/libnosys.a(read.o)
 .debug_info    0x00029b82       0xac /usr/lib/gcc/arm-none-eabi/13.2.1/../../../arm-none-eabi/lib/thumb/v7-m/nofp/libnosys.a(sbrk.o)
 .debug_info    0x00029c2e      0x106 /usr/lib/gcc/arm-none-eabi/13.2.1/../../../arm-none-eabi/lib/thumb/v7-m/nofp/libnosys.a(write.o)

.debug_abbrev   0x00000000     0x7850
 .debug_abbrev  0x00000000      0x267 /workspaces/h/build/stm32f1xx_hal_flash.o
 .debug_abbrev  0x00000267      0x2c9 /workspaces/h/build/stm32f1xx_hal_rcc.o
 .debug_abbrev  0x00000530      0x2dd /workspaces/h/build/stm32f1xx_hal_tim.o
 .debug_abbrev  0x0000080d      0x296 /workspaces/h/build/stm32f1xx_hal_tim_ex.o
 .debug_abbrev  0x00000aa3      0x2a1 /workspaces/h/build/stm32f1xx_hal_adc_ex.o
 .debug_abbrev  0x00000d44      0x38d /workspaces/h/build/stm32f1xx_hal_cortex.o
 .debug_abbrev  0x000010d1      0x297 /workspaces/h/build/stm32f1xx_hal_flash_ex.o
 .debug_abbrev  0x00001368      0x22b /workspaces/h/build/stm32f1xx_hal_gpio.o
 .debug_abbrev  0x00001593      0x24e /workspaces/h/build/stm32f1xx_hal.o
 .debug_abbrev  0x000017e1      0x282 /workspaces/h/build/stm32f1xx_hal_adc.o
 .debug_abbrev  0x00001a63      0x2df /workspaces/h/build/stm32f1xx_hal_uart.o
 .debug_abbrev  0x00001d42      0x261 /workspaces/h/build/stm32f1xx_hal_dma.o
 .debug_abbrev  0x00001fa3      0x140 /workspaces/h/build/system_stm32f1xx.o
 .debug_abbrev  0x000020e3      0x26e /workspaces/h/build/setup.o
 .debug_abbrev  0x00002351      0x269 /workspaces/h/build/control.o
 .debug_abbrev  0x000025ba      0x3da /workspaces/h/build/util.o
 .debug_abbrev  0x00002994      0x2f0 /workspaces/h/build/main.o
 .debug_abbrev  0x00002c84      0x21f /workspaces/h/build/bldc.o
 .debug_abbrev  0x00002ea3      0x1e9 /workspaces/h/build/eeprom.o
 .debug_abbrev  0x0000308c      0x1d8 /workspaces/h/build/stm32f1xx_it.o
 .debug_abbrev  0x00003264       0xd4 /workspaces/h/build/BLDC_controller_data.o
 .debug_abbrev  0x00003338      0x2b9 /workspaces/h/build/BLDC_controller.o
 .debug_abbrev  0x000035f1       0x1d /workspaces/h/build/startup_stm32f103xb.o
 .debug_abbrev  0x0000360e       0xc9 /usr/lib/gcc/arm-none-eabi/13.2.1/../../../arm-none-eabi/lib/thumb/v7-m/nofp/libc_nano.a(libc_a-init.o)
 .debug_abbrev  0x000036d7       0xb7 /usr/lib/gcc/arm-none-eabi/13.2.1/../../../arm-none-eabi/lib/thumb/v7-m/nofp/libc_nano.a(libc_a-memset.o)
 .debug_abbrev  0x0000378e       0x28 /usr/lib/gcc/arm-none-eabi/13.2.1/../../../arm-none-eabi/lib/thumb/v7-m/nofp/libc_nano.a(libc_a-memcpy.o)
 .debug_abbrev  0x000037b6      0x23c /usr/lib/gcc/arm-none-eabi/13.2.1/../../../arm-none-eabi/lib/thumb/v7-m/nofp/libc_nano.a(libc_a-snprintf.o)
 .debug_abbrev  0x000039f2      0x21a /usr/lib/gcc/arm-none-eabi/13.2.1/../../../arm-none-eabi/lib/thumb/v7-m/nofp/libc_nano.a(libc_a-printf.o)
 .debug_abbrev  0x00003c0c      0x36e /usr/lib/gcc/arm-none-eabi/13.2.1/../../../arm-none-eabi/lib/thumb/v7-m/nofp/libc_nano.a(libc_a-nano-vfprintf.o)
 .debug_abbrev  0x00003f7a      0x236 /usr/lib/gcc/arm-none-eabi/13.2.1/../../../arm-none-eabi/lib/thumb/v7-m/nofp/libc_nano.a(libc_a-wbuf.o)
 .debug_abbrev  0x000041b0      0x149 /usr/lib/gcc/arm-none-eabi/13.2.1/../../../arm-none-eabi/lib/thumb/v7-m/nofp/libc_nano.a(libc_a-impure.o)
 .debug_abbrev  0x000042f9      0x32f /usr/lib/gcc/arm-none-eabi/13.2.1/../../../arm-none-eabi/lib/thumb/v7-m/nofp/libc_nano.a(libc_a-nano-svfprintf.o)
 .debug_abbrev  0x00004628      0x224 /usr/lib/gcc/arm-none-eabi/13.2.1/../../../arm-none-eabi/lib/thumb/v7-m/nofp/libc_nano.a(libc_a-fvwrite.o)
 .debug_abbrev  0x0000484c      0x408 /usr/lib/gcc/arm-none-eabi/13.2.1/../../../arm-none-eabi/lib/thumb/v7-m/nofp/libc_nano.a(libc_a-findfp.o)
 .debug_abbrev  0x00004c54      0x2e1 /usr/lib/gcc/arm-none-eabi/13.2.1/../../../arm-none-eabi/lib/thumb/v7-m/nofp/libc_nano.a(libc_a-fflush.o)
 .debug_abbrev  0x00004f35      0x24a /usr/lib/gcc/arm-none-eabi/13.2.1/../../../arm-none-eabi/lib/thumb/v7-m/nofp/libc_nano.a(libc_a-mallocr.o)
 .debug_abbrev  0x0000517f      0x249 /usr/lib/gcc/arm-none-eabi/13.2.1/../../../arm-none-eabi/lib/thumb/v7-m/nofp/libc_nano.a(libc_a-freer.o)
 .debug_abbrev  0x000053c8       0xc3 /usr/lib/gcc/arm-none-eabi/13.2.1/../../../arm-none-eabi/lib/thumb/v7-m/nofp/libc_nano.a(libc_a-memmove.o)
 .debug_abbrev  0x0000548b      0x19b /usr/lib/gcc/arm-none-eabi/13.2.1/../../../arm-none-eabi/lib/thumb/v7-m/nofp/libc_nano.a(libc_a-fwalk.o)
 .debug_abbrev  0x00005626      0x1e2 /usr/lib/gcc/arm-none-eabi/13.2.1/../../../arm-none-eabi/lib/thumb/v7-m/nofp/libc_nano.a(libc_a-wsetup.o)
 .debug_abbrev  0x00005808      0x20c /usr/lib/gcc/arm-none-eabi/13.2.1/../../../arm-none-eabi/lib/thumb/v7-m/nofp/libc_nano.a(libc_a-reallocr.o)
 .debug_abbrev  0x00005a14      0x284 /usr/lib/gcc/arm-none-eabi/13.2.1/../../../arm-none-eabi/lib/thumb/v7-m/nofp/libc_nano.a(libc_a-nano-vfprintf_i.o)
 .debug_abbrev  0x00005c98      0x192 /usr/lib/gcc/arm-none-eabi/13.2.1/../../../arm-none-eabi/lib/thumb/v7-m/nofp/libc_nano.a(libc_a-mlock.o)
 .debug_abbrev  0x00005e2a      0x29d /usr/lib/gcc/arm-none-eabi/13.2.1/../../../arm-none-eabi/lib/thumb/v7-m/nofp/libc_nano.a(libc_a-makebuf.o)
 .debug_abbrev  0x000060c7       0xc7 /usr/lib/gcc/arm-none-eabi/13.2.1/../../../arm-none-eabi/lib/thumb/v7-m/nofp/libc_nano.a(libc_a-memchr-stub.o)
 .debug_abbrev  0x0000618e      0x1b0 /usr/lib/gcc/arm-none-eabi/13.2.1/../../../arm-none-eabi/lib/thumb/v7-m/nofp/libc_nano.a(libc_a-isattyr.o)
 .debug_abbrev  0x0000633e      0x1da /usr/lib/gcc/arm-none-eabi/13.2.1/../../../arm-none-eabi/lib/thumb/v7-m/nofp/libc_nano.a(libc_a-sbrkr.o)
 .debug_abbrev  0x00006518      0x224 /usr/lib/gcc/arm-none-eabi/13.2.1/../../../arm-none-eabi/lib/thumb/v7-m/nofp/libc_nano.a(libc_a-stdio.o)
 .debug_abbrev  0x0000673c      0x196 /usr/lib/gcc/arm-none-eabi/13.2.1/../../../arm-none-eabi/lib/thumb/v7-m/nofp/libc_nano.a(libc_a-msizer.o)
 .debug_abbrev  0x000068d2      0x1b0 /usr/lib/gcc/arm-none-eabi/13.2.1/../../../arm-none-eabi/lib/thumb/v7-m/nofp/libc_nano.a(libc_a-closer.o)
 .debug_abbrev  0x00006a82      0x1b0 /usr/lib/gcc/arm-none-eabi/13.2.1/../../../arm-none-eabi/lib/thumb/v7-m/nofp/libc_nano.a(libc_a-readr.o)
 .debug_abbrev  0x00006c32      0x1ee /usr/lib/gcc/arm-none-eabi/13.2.1/../../../arm-none-eabi/lib/thumb/v7-m/nofp/libc_nano.a(libc_a-reent.o)
 .debug_abbrev  0x00006e20      0x1c3 /usr/lib/gcc/arm-none-eabi/13.2.1/../../../arm-none-eabi/lib/thumb/v7-m/nofp/libc_nano.a(libc_a-fstatr.o)
 .debug_abbrev  0x00006fe3      0x1c4 /usr/lib/gcc/arm-none-eabi/13.2.1/../../../arm-none-eabi/lib/thumb/v7-m/nofp/libc_nano.a(libc_a-lseekr.o)
 .debug_abbrev  0x000071a7      0x1b5 /usr/lib/gcc/arm-none-eabi/13.2.1/../../../arm-none-eabi/lib/thumb/v7-m/nofp/libc_nano.a(libc_a-writer.o)
 .debug_abbrev  0x0000735c       0x96 /usr/lib/gcc/arm-none-eabi/13.2.1/../../../arm-none-eabi/lib/thumb/v7-m/nofp/libnosys.a(close.o)
 .debug_abbrev  0x000073f2       0xe4 /usr/lib/gcc/arm-none-eabi/13.2.1/../../../arm-none-eabi/lib/thumb/v7-m/nofp/libnosys.a(fstat.o)
 .debug_abbrev  0x000074d6       0x96 /usr/lib/gcc/arm-none-eabi/13.2.1/../../../arm-none-eabi/lib/thumb/v7-m/nofp/libnosys.a(isatty.o)
 .debug_abbrev  0x0000756c       0xbb /usr/lib/gcc/arm-none-eabi/13.2.1/../../../arm-none-eabi/lib/thumb/v7-m/nofp/libnosys.a(lseek.o)
 .debug_abbrev  0x00007627       0xc4 /usr/lib/gcc/arm-none-eabi/13.2.1/../../../arm-none-eabi/lib/thumb/v7-m/nofp/libnosys.a(read.o)
 .debug_abbrev  0x000076eb       0xa1 /usr/lib/gcc/arm-none-eabi/13.2.1/../../../arm-none-eabi/lib/thumb/v7-m/nofp/libnosys.a(sbrk.o)
 .debug_abbrev  0x0000778c       0xc4 /usr/lib/gcc/arm-none-eabi/13.2.1/../../../arm-none-eabi/lib/thumb/v7-m/nofp/libnosys.a(write.o)

.debug_loc      0x00000000    0x11160
 .debug_loc     0x00000000      0x458 /workspaces/h/build/stm32f1xx_hal_flash.o
 .debug_loc     0x00000458      0x744 /workspaces/h/build/stm32f1xx_hal_rcc.o
 .debug_loc     0x00000b9c     0x461e /workspaces/h/build/stm32f1xx_hal_tim.o
 .debug_loc     0x000051ba     0x145c /workspaces/h/build/stm32f1xx_hal_tim_ex.o
 .debug_loc     0x00006616      0xc2b /workspaces/h/build/stm32f1xx_hal_adc_ex.o
 .debug_loc     0x00007241      0x894 /workspaces/h/build/stm32f1xx_hal_cortex.o
 .debug_loc     0x00007ad5      0x9ec /workspaces/h/build/stm32f1xx_hal_flash_ex.o
 .debug_loc     0x000084c1      0x5db /workspaces/h/build/stm32f1xx_hal_gpio.o
 .debug_loc     0x00008a9c      0x12a /workspaces/h/build/stm32f1xx_hal.o
 .debug_loc     0x00008bc6      0xef2 /workspaces/h/build/stm32f1xx_hal_adc.o
 .debug_loc     0x00009ab8     0x1e7c /workspaces/h/build/stm32f1xx_hal_uart.o
 .debug_loc     0x0000b934      0x973 /workspaces/h/build/stm32f1xx_hal_dma.o
 .debug_loc     0x0000c2a7      0x11b /workspaces/h/build/system_stm32f1xx.o
 .debug_loc     0x0000c3c2      0x262 /workspaces/h/build/setup.o
 .debug_loc     0x0000c624      0x326 /workspaces/h/build/control.o
 .debug_loc     0x0000c94a     0x101a /workspaces/h/build/util.o
 .debug_loc     0x0000d964      0x1ba /workspaces/h/build/main.o
 .debug_loc     0x0000db1e      0x264 /workspaces/h/build/bldc.o
 .debug_loc     0x0000dd82      0xc6d /workspaces/h/build/eeprom.o
 .debug_loc     0x0000e9ef       0xa4 /workspaces/h/build/stm32f1xx_it.o
 .debug_loc     0x0000ea93     0x26cd /workspaces/h/build/BLDC_controller.o

.debug_aranges  0x00000000     0x14d0
 .debug_aranges
                0x00000000       0x88 /workspaces/h/build/stm32f1xx_hal_flash.o
 .debug_aranges
                0x00000088       0x90 /workspaces/h/build/stm32f1xx_hal_rcc.o
 .debug_aranges
                0x00000118      0x368 /workspaces/h/build/stm32f1xx_hal_tim.o
 .debug_aranges
                0x00000480      0x138 /workspaces/h/build/stm32f1xx_hal_tim_ex.o
 .debug_aranges
                0x000005b8       0x80 /workspaces/h/build/stm32f1xx_hal_adc_ex.o
 .debug_aranges
                0x00000638       0xb8 /workspaces/h/build/stm32f1xx_hal_cortex.o
 .debug_aranges
                0x000006f0       0x98 /workspaces/h/build/stm32f1xx_hal_flash_ex.o
 .debug_aranges
                0x00000788       0x58 /workspaces/h/build/stm32f1xx_hal_gpio.o
 .debug_aranges
                0x000007e0       0xb8 /workspaces/h/build/stm32f1xx_hal.o
 .debug_aranges
                0x00000898       0xf0 /workspaces/h/build/stm32f1xx_hal_adc.o
 .debug_aranges
                0x00000988      0x1d0 /workspaces/h/build/stm32f1xx_hal_uart.o
 .debug_aranges
                0x00000b58       0x80 /workspaces/h/build/stm32f1xx_hal_dma.o
 .debug_aranges
                0x00000bd8       0x28 /workspaces/h/build/system_stm32f1xx.o
 .debug_aranges
                0x00000c00       0x58 /workspaces/h/build/setup.o
 .debug_aranges
                0x00000c58       0x40 /workspaces/h/build/control.o
 .debug_aranges
                0x00000c98      0x120 /workspaces/h/build/util.o
 .debug_aranges
                0x00000db8       0x28 /workspaces/h/build/main.o
 .debug_aranges
                0x00000de0       0x20 /workspaces/h/build/bldc.o
 .debug_aranges
                0x00000e00       0x58 /workspaces/h/build/eeprom.o
 .debug_aranges
                0x00000e58       0x78 /workspaces/h/build/stm32f1xx_it.o
 .debug_aranges
                0x00000ed0       0x18 /workspaces/h/build/BLDC_controller_data.o
 .debug_aranges
                0x00000ee8       0xe8 /workspaces/h/build/BLDC_controller.o
 .debug_aranges
                0x00000fd0       0x28 /workspaces/h/build/startup_stm32f103xb.o
 .debug_aranges
                0x00000ff8       0x20 /usr/lib/gcc/arm-none-eabi/13.2.1/../../../arm-none-eabi/lib/thumb/v7-m/nofp/libc_nano.a(libc_a-init.o)
 .debug_aranges
                0x00001018       0x20 /usr/lib/gcc/arm-none-eabi/13.2.1/../../../arm-none-eabi/lib/thumb/v7-m/nofp/libc_nano.a(libc_a-memset.o)
 .debug_aranges
                0x00001038       0x20 /usr/lib/gcc/arm-none-eabi/13.2.1/../../../arm-none-eabi/lib/thumb/v7-m/nofp/libc_nano.a(libc_a-memcpy.o)
 .debug_aranges
                0x00001058       0x20 /usr/lib/gcc/arm-none-eabi/13.2.1/../../../arm-none-eabi/lib/thumb/v7-m/nofp/libc_nano.a(libc_a-snprintf.o)
 .debug_aranges
                0x00001078       0x20 /usr/lib/gcc/arm-none-eabi/13.2.1/../../../arm-none-eabi/lib/thumb/v7-m/nofp/libc_nano.a(libc_a-printf.o)
 .debug_aranges
                0x00001098       0x20 /usr/lib/gcc/arm-none-eabi/13.2.1/../../../arm-none-eabi/lib/thumb/v7-m/nofp/libc_nano.a(libc_a-nano-vfprintf.o)
 .debug_aranges